0:0:0:0:0:0:0:1 - - [23/Nov/2022:19:57:46 +0800] "GET /nacos/v1/console/namespaces?&accessToken=eyJhbGciOiJIUzI1NiJ9.eyJzdWIiOiJuYWNvcyIsImV4cCI6MTY2OTAyODg5Nn0.bGYjArEVqUEvqgmL9Jo0BKce9lytOMnzAN7Lv_WQJkI&namespaceId= HTTP/1.1" 200 130 3 Mozilla/5.0 (Windows NT 10.0; Win64; x64) AppleWebKit/537.36 (KHTML, like Gecko) Chrome/107.0.0.0 Safari/537.36
0:0:0:0:0:0:0:1 - - [23/Nov/2022:19:57:46 +0800] "GET /nacos/v1/console/server/state?accessToken=eyJhbGciOiJIUzI1NiJ9.eyJzdWIiOiJuYWNvcyIsImV4cCI6MTY2OTAyODg5Nn0.bGYjArEVqUEvqgmL9Jo0BKce9lytOMnzAN7Lv_WQJkI HTTP/1.1" 200 82 3 Mozilla/5.0 (Windows NT 10.0; Win64; x64) AppleWebKit/537.36 (KHTML, like Gecko) Chrome/107.0.0.0 Safari/537.36
0:0:0:0:0:0:0:1 - - [23/Nov/2022:19:57:46 +0800] "GET /nacos/console-fe/public/icons/icon-font.woff2 HTTP/1.1" 404 177 7 Mozilla/5.0 (Windows NT 10.0; Win64; x64) AppleWebKit/537.36 (KHTML, like Gecko) Chrome/107.0.0.0 Safari/537.36
0:0:0:0:0:0:0:1 - - [23/Nov/2022:19:57:46 +0800] "GET /nacos/v1/cs/configs?dataId=&group=&appName=&config_tags=&pageNo=1&pageSize=10&tenant=&search=accurate&accessToken=eyJhbGciOiJIUzI1NiJ9.eyJzdWIiOiJuYWNvcyIsImV4cCI6MTY2OTAyODg5Nn0.bGYjArEVqUEvqgmL9Jo0BKce9lytOMnzAN7Lv_WQJkI HTTP/1.1" 200 692 3 Mozilla/5.0 (Windows NT 10.0; Win64; x64) AppleWebKit/537.36 (KHTML, like Gecko) Chrome/107.0.0.0 Safari/537.36
0:0:0:0:0:0:0:1 - - [23/Nov/2022:19:57:49 +0800] "GET /nacos/v1/cs/configs?show=all&dataId=nacos-config-client-info&group=TEST_GROUP&tenant=&accessToken=eyJhbGciOiJIUzI1NiJ9.eyJzdWIiOiJuYWNvcyIsImV4cCI6MTY2OTAyODg5Nn0.bGYjArEVqUEvqgmL9Jo0BKce9lytOMnzAN7Lv_WQJkI&namespaceId= HTTP/1.1" 200 415 2 Mozilla/5.0 (Windows NT 10.0; Win64; x64) AppleWebKit/537.36 (KHTML, like Gecko) Chrome/107.0.0.0 Safari/537.36
192.168.0.6 - - [23/Nov/2022:19:57:51 +0800] "GET /nacos/v1/cs/health HTTP/1.1" 200 2 2 Apache-HttpAsyncClient/4.1.3 (Java/1.8.0_251)
127.0.0.1 - - [23/Nov/2022:19:57:51 +0800] "PUT /nacos/v1/ns/instance/beat?beat=%7B%22cluster%22%3A%22DEFAULT%22%2C%22ip%22%3A%22192.168.0.6%22%2C%22metadata%22%3A%7B%22preserved.register.source%22%3A%22SPRING_CLOUD%22%7D%2C%22period%22%3A5000%2C%22port%22%3A3377%2C%22scheduled%22%3Afalse%2C%22serviceName%22%3A%22DEFAULT_GROUP%40%40nacos-config-client%22%2C%22stopped%22%3Afalse%2C%22weight%22%3A1.0%7D&serviceName=DEFAULT_GROUP%40%40nacos-config-client&encoding=UTF-8&namespaceId=public HTTP/1.1" 200 75 2 Nacos-Java-Client:v1.1.1
192.168.0.6 - - [23/Nov/2022:19:57:56 +0800] "GET /nacos/v1/cs/health HTTP/1.1" 200 2 2 Apache-HttpAsyncClient/4.1.3 (Java/1.8.0_251)
127.0.0.1 - - [23/Nov/2022:19:57:56 +0800] "PUT /nacos/v1/ns/instance/beat?beat=%7B%22cluster%22%3A%22DEFAULT%22%2C%22ip%22%3A%22192.168.0.6%22%2C%22metadata%22%3A%7B%22preserved.register.source%22%3A%22SPRING_CLOUD%22%7D%2C%22period%22%3A5000%2C%22port%22%3A3377%2C%22scheduled%22%3Afalse%2C%22serviceName%22%3A%22DEFAULT_GROUP%40%40nacos-config-client%22%2C%22stopped%22%3Afalse%2C%22weight%22%3A1.0%7D&serviceName=DEFAULT_GROUP%40%40nacos-config-client&encoding=UTF-8&namespaceId=public HTTP/1.1" 200 75 2 Nacos-Java-Client:v1.1.1
127.0.0.1 - - [23/Nov/2022:19:57:59 +0800] "POST /nacos/v1/cs/configs/listener HTTP/1.1" 200 - 29504 Java/1.8.0_251
192.168.0.6 - - [23/Nov/2022:19:58:01 +0800] "GET /nacos/v1/cs/health HTTP/1.1" 200 2 2 Apache-HttpAsyncClient/4.1.3 (Java/1.8.0_251)
127.0.0.1 - - [23/Nov/2022:19:58:01 +0800] "PUT /nacos/v1/ns/instance/beat?beat=%7B%22cluster%22%3A%22DEFAULT%22%2C%22ip%22%3A%22192.168.0.6%22%2C%22metadata%22%3A%7B%22preserved.register.source%22%3A%22SPRING_CLOUD%22%7D%2C%22period%22%3A5000%2C%22port%22%3A3377%2C%22scheduled%22%3Afalse%2C%22serviceName%22%3A%22DEFAULT_GROUP%40%40nacos-config-client%22%2C%22stopped%22%3Afalse%2C%22weight%22%3A1.0%7D&serviceName=DEFAULT_GROUP%40%40nacos-config-client&encoding=UTF-8&namespaceId=public HTTP/1.1" 200 75 1 Nacos-Java-Client:v1.1.1
192.168.0.6 - - [23/Nov/2022:19:58:06 +0800] "GET /nacos/v1/cs/health HTTP/1.1" 200 2 0 Apache-HttpAsyncClient/4.1.3 (Java/1.8.0_251)
127.0.0.1 - - [23/Nov/2022:19:58:06 +0800] "PUT /nacos/v1/ns/instance/beat?beat=%7B%22cluster%22%3A%22DEFAULT%22%2C%22ip%22%3A%22192.168.0.6%22%2C%22metadata%22%3A%7B%22preserved.register.source%22%3A%22SPRING_CLOUD%22%7D%2C%22period%22%3A5000%2C%22port%22%3A3377%2C%22scheduled%22%3Afalse%2C%22serviceName%22%3A%22DEFAULT_GROUP%40%40nacos-config-client%22%2C%22stopped%22%3Afalse%2C%22weight%22%3A1.0%7D&serviceName=DEFAULT_GROUP%40%40nacos-config-client&encoding=UTF-8&namespaceId=public HTTP/1.1" 200 75 1 Nacos-Java-Client:v1.1.1
192.168.0.6 - - [23/Nov/2022:19:58:11 +0800] "GET /nacos/v1/cs/health HTTP/1.1" 200 2 1 Apache-HttpAsyncClient/4.1.3 (Java/1.8.0_251)
127.0.0.1 - - [23/Nov/2022:19:58:11 +0800] "PUT /nacos/v1/ns/instance/beat?beat=%7B%22cluster%22%3A%22DEFAULT%22%2C%22ip%22%3A%22192.168.0.6%22%2C%22metadata%22%3A%7B%22preserved.register.source%22%3A%22SPRING_CLOUD%22%7D%2C%22period%22%3A5000%2C%22port%22%3A3377%2C%22scheduled%22%3Afalse%2C%22serviceName%22%3A%22DEFAULT_GROUP%40%40nacos-config-client%22%2C%22stopped%22%3Afalse%2C%22weight%22%3A1.0%7D&serviceName=DEFAULT_GROUP%40%40nacos-config-client&encoding=UTF-8&namespaceId=public HTTP/1.1" 200 75 2 Nacos-Java-Client:v1.1.1
0:0:0:0:0:0:0:1 - - [23/Nov/2022:19:58:12 +0800] "GET /nacos/v1/cs/configs?dataId=&group=&appName=&config_tags=&pageNo=1&pageSize=10&tenant=&search=accurate&accessToken=eyJhbGciOiJIUzI1NiJ9.eyJzdWIiOiJuYWNvcyIsImV4cCI6MTY2OTAyODg5Nn0.bGYjArEVqUEvqgmL9Jo0BKce9lytOMnzAN7Lv_WQJkI HTTP/1.1" 200 692 3 Mozilla/5.0 (Windows NT 10.0; Win64; x64) AppleWebKit/537.36 (KHTML, like Gecko) Chrome/107.0.0.0 Safari/537.36
192.168.0.6 - - [23/Nov/2022:19:58:16 +0800] "GET /nacos/v1/cs/health HTTP/1.1" 200 2 2 Apache-HttpAsyncClient/4.1.3 (Java/1.8.0_251)
127.0.0.1 - - [23/Nov/2022:19:58:16 +0800] "PUT /nacos/v1/ns/instance/beat?beat=%7B%22cluster%22%3A%22DEFAULT%22%2C%22ip%22%3A%22192.168.0.6%22%2C%22metadata%22%3A%7B%22preserved.register.source%22%3A%22SPRING_CLOUD%22%7D%2C%22period%22%3A5000%2C%22port%22%3A3377%2C%22scheduled%22%3Afalse%2C%22serviceName%22%3A%22DEFAULT_GROUP%40%40nacos-config-client%22%2C%22stopped%22%3Afalse%2C%22weight%22%3A1.0%7D&serviceName=DEFAULT_GROUP%40%40nacos-config-client&encoding=UTF-8&namespaceId=public HTTP/1.1" 200 75 2 Nacos-Java-Client:v1.1.1
192.168.0.6 - - [23/Nov/2022:19:58:21 +0800] "GET /nacos/v1/cs/health HTTP/1.1" 200 2 2 Apache-HttpAsyncClient/4.1.3 (Java/1.8.0_251)
127.0.0.1 - - [23/Nov/2022:19:58:21 +0800] "PUT /nacos/v1/ns/instance/beat?beat=%7B%22cluster%22%3A%22DEFAULT%22%2C%22ip%22%3A%22192.168.0.6%22%2C%22metadata%22%3A%7B%22preserved.register.source%22%3A%22SPRING_CLOUD%22%7D%2C%22period%22%3A5000%2C%22port%22%3A3377%2C%22scheduled%22%3Afalse%2C%22serviceName%22%3A%22DEFAULT_GROUP%40%40nacos-config-client%22%2C%22stopped%22%3Afalse%2C%22weight%22%3A1.0%7D&serviceName=DEFAULT_GROUP%40%40nacos-config-client&encoding=UTF-8&namespaceId=public HTTP/1.1" 200 75 2 Nacos-Java-Client:v1.1.1
192.168.0.6 - - [23/Nov/2022:19:58:26 +0800] "GET /nacos/v1/cs/health HTTP/1.1" 200 2 2 Apache-HttpAsyncClient/4.1.3 (Java/1.8.0_251)
127.0.0.1 - - [23/Nov/2022:19:58:26 +0800] "PUT /nacos/v1/ns/instance/beat?beat=%7B%22cluster%22%3A%22DEFAULT%22%2C%22ip%22%3A%22192.168.0.6%22%2C%22metadata%22%3A%7B%22preserved.register.source%22%3A%22SPRING_CLOUD%22%7D%2C%22period%22%3A5000%2C%22port%22%3A3377%2C%22scheduled%22%3Afalse%2C%22serviceName%22%3A%22DEFAULT_GROUP%40%40nacos-config-client%22%2C%22stopped%22%3Afalse%2C%22weight%22%3A1.0%7D&serviceName=DEFAULT_GROUP%40%40nacos-config-client&encoding=UTF-8&namespaceId=public HTTP/1.1" 200 75 1 Nacos-Java-Client:v1.1.1
127.0.0.1 - - [23/Nov/2022:19:58:28 +0800] "POST /nacos/v1/cs/configs/listener HTTP/1.1" 200 - 29516 Java/1.8.0_251
192.168.0.6 - - [23/Nov/2022:19:58:31 +0800] "GET /nacos/v1/cs/health HTTP/1.1" 200 2 1 Apache-HttpAsyncClient/4.1.3 (Java/1.8.0_251)
127.0.0.1 - - [23/Nov/2022:19:58:31 +0800] "PUT /nacos/v1/ns/instance/beat?beat=%7B%22cluster%22%3A%22DEFAULT%22%2C%22ip%22%3A%22192.168.0.6%22%2C%22metadata%22%3A%7B%22preserved.register.source%22%3A%22SPRING_CLOUD%22%7D%2C%22period%22%3A5000%2C%22port%22%3A3377%2C%22scheduled%22%3Afalse%2C%22serviceName%22%3A%22DEFAULT_GROUP%40%40nacos-config-client%22%2C%22stopped%22%3Afalse%2C%22weight%22%3A1.0%7D&serviceName=DEFAULT_GROUP%40%40nacos-config-client&encoding=UTF-8&namespaceId=public HTTP/1.1" 200 75 1 Nacos-Java-Client:v1.1.1
192.168.0.6 - - [23/Nov/2022:19:58:36 +0800] "GET /nacos/v1/cs/health HTTP/1.1" 200 2 1 Apache-HttpAsyncClient/4.1.3 (Java/1.8.0_251)
127.0.0.1 - - [23/Nov/2022:19:58:36 +0800] "PUT /nacos/v1/ns/instance/beat?beat=%7B%22cluster%22%3A%22DEFAULT%22%2C%22ip%22%3A%22192.168.0.6%22%2C%22metadata%22%3A%7B%22preserved.register.source%22%3A%22SPRING_CLOUD%22%7D%2C%22period%22%3A5000%2C%22port%22%3A3377%2C%22scheduled%22%3Afalse%2C%22serviceName%22%3A%22DEFAULT_GROUP%40%40nacos-config-client%22%2C%22stopped%22%3Afalse%2C%22weight%22%3A1.0%7D&serviceName=DEFAULT_GROUP%40%40nacos-config-client&encoding=UTF-8&namespaceId=public HTTP/1.1" 200 75 1 Nacos-Java-Client:v1.1.1
192.168.0.6 - - [23/Nov/2022:19:58:41 +0800] "GET /nacos/v1/cs/health HTTP/1.1" 200 2 1 Apache-HttpAsyncClient/4.1.3 (Java/1.8.0_251)
127.0.0.1 - - [23/Nov/2022:19:58:41 +0800] "PUT /nacos/v1/ns/instance/beat?beat=%7B%22cluster%22%3A%22DEFAULT%22%2C%22ip%22%3A%22192.168.0.6%22%2C%22metadata%22%3A%7B%22preserved.register.source%22%3A%22SPRING_CLOUD%22%7D%2C%22period%22%3A5000%2C%22port%22%3A3377%2C%22scheduled%22%3Afalse%2C%22serviceName%22%3A%22DEFAULT_GROUP%40%40nacos-config-client%22%2C%22stopped%22%3Afalse%2C%22weight%22%3A1.0%7D&serviceName=DEFAULT_GROUP%40%40nacos-config-client&encoding=UTF-8&namespaceId=public HTTP/1.1" 200 75 2 Nacos-Java-Client:v1.1.1
192.168.0.6 - - [23/Nov/2022:19:58:46 +0800] "GET /nacos/v1/cs/health HTTP/1.1" 200 2 2 Apache-HttpAsyncClient/4.1.3 (Java/1.8.0_251)
127.0.0.1 - - [23/Nov/2022:19:58:46 +0800] "PUT /nacos/v1/ns/instance/beat?beat=%7B%22cluster%22%3A%22DEFAULT%22%2C%22ip%22%3A%22192.168.0.6%22%2C%22metadata%22%3A%7B%22preserved.register.source%22%3A%22SPRING_CLOUD%22%7D%2C%22period%22%3A5000%2C%22port%22%3A3377%2C%22scheduled%22%3Afalse%2C%22serviceName%22%3A%22DEFAULT_GROUP%40%40nacos-config-client%22%2C%22stopped%22%3Afalse%2C%22weight%22%3A1.0%7D&serviceName=DEFAULT_GROUP%40%40nacos-config-client&encoding=UTF-8&namespaceId=public HTTP/1.1" 200 75 1 Nacos-Java-Client:v1.1.1
192.168.0.6 - - [23/Nov/2022:19:58:51 +0800] "GET /nacos/v1/cs/health HTTP/1.1" 200 2 2 Apache-HttpAsyncClient/4.1.3 (Java/1.8.0_251)
127.0.0.1 - - [23/Nov/2022:19:58:51 +0800] "PUT /nacos/v1/ns/instance/beat?beat=%7B%22cluster%22%3A%22DEFAULT%22%2C%22ip%22%3A%22192.168.0.6%22%2C%22metadata%22%3A%7B%22preserved.register.source%22%3A%22SPRING_CLOUD%22%7D%2C%22period%22%3A5000%2C%22port%22%3A3377%2C%22scheduled%22%3Afalse%2C%22serviceName%22%3A%22DEFAULT_GROUP%40%40nacos-config-client%22%2C%22stopped%22%3Afalse%2C%22weight%22%3A1.0%7D&serviceName=DEFAULT_GROUP%40%40nacos-config-client&encoding=UTF-8&namespaceId=public HTTP/1.1" 200 75 2 Nacos-Java-Client:v1.1.1
192.168.0.6 - - [23/Nov/2022:19:58:56 +0800] "GET /nacos/v1/cs/health HTTP/1.1" 200 2 2 Apache-HttpAsyncClient/4.1.3 (Java/1.8.0_251)
127.0.0.1 - - [23/Nov/2022:19:58:56 +0800] "PUT /nacos/v1/ns/instance/beat?beat=%7B%22cluster%22%3A%22DEFAULT%22%2C%22ip%22%3A%22192.168.0.6%22%2C%22metadata%22%3A%7B%22preserved.register.source%22%3A%22SPRING_CLOUD%22%7D%2C%22period%22%3A5000%2C%22port%22%3A3377%2C%22scheduled%22%3Afalse%2C%22serviceName%22%3A%22DEFAULT_GROUP%40%40nacos-config-client%22%2C%22stopped%22%3Afalse%2C%22weight%22%3A1.0%7D&serviceName=DEFAULT_GROUP%40%40nacos-config-client&encoding=UTF-8&namespaceId=public HTTP/1.1" 200 75 1 Nacos-Java-Client:v1.1.1
127.0.0.1 - - [23/Nov/2022:19:58:58 +0800] "POST /nacos/v1/cs/configs/listener HTTP/1.1" 200 - 29515 Java/1.8.0_251
192.168.0.6 - - [23/Nov/2022:19:59:01 +0800] "GET /nacos/v1/cs/health HTTP/1.1" 200 2 1 Apache-HttpAsyncClient/4.1.3 (Java/1.8.0_251)
127.0.0.1 - - [23/Nov/2022:19:59:01 +0800] "PUT /nacos/v1/ns/instance/beat?beat=%7B%22cluster%22%3A%22DEFAULT%22%2C%22ip%22%3A%22192.168.0.6%22%2C%22metadata%22%3A%7B%22preserved.register.source%22%3A%22SPRING_CLOUD%22%7D%2C%22period%22%3A5000%2C%22port%22%3A3377%2C%22scheduled%22%3Afalse%2C%22serviceName%22%3A%22DEFAULT_GROUP%40%40nacos-config-client%22%2C%22stopped%22%3Afalse%2C%22weight%22%3A1.0%7D&serviceName=DEFAULT_GROUP%40%40nacos-config-client&encoding=UTF-8&namespaceId=public HTTP/1.1" 200 75 2 Nacos-Java-Client:v1.1.1
192.168.0.6 - - [23/Nov/2022:19:59:06 +0800] "GET /nacos/v1/cs/health HTTP/1.1" 200 2 1 Apache-HttpAsyncClient/4.1.3 (Java/1.8.0_251)
127.0.0.1 - - [23/Nov/2022:19:59:06 +0800] "PUT /nacos/v1/ns/instance/beat?beat=%7B%22cluster%22%3A%22DEFAULT%22%2C%22ip%22%3A%22192.168.0.6%22%2C%22metadata%22%3A%7B%22preserved.register.source%22%3A%22SPRING_CLOUD%22%7D%2C%22period%22%3A5000%2C%22port%22%3A3377%2C%22scheduled%22%3Afalse%2C%22serviceName%22%3A%22DEFAULT_GROUP%40%40nacos-config-client%22%2C%22stopped%22%3Afalse%2C%22weight%22%3A1.0%7D&serviceName=DEFAULT_GROUP%40%40nacos-config-client&encoding=UTF-8&namespaceId=public HTTP/1.1" 200 75 1 Nacos-Java-Client:v1.1.1
192.168.0.6 - - [23/Nov/2022:19:59:11 +0800] "GET /nacos/v1/cs/health HTTP/1.1" 200 2 2 Apache-HttpAsyncClient/4.1.3 (Java/1.8.0_251)
127.0.0.1 - - [23/Nov/2022:19:59:11 +0800] "PUT /nacos/v1/ns/instance/beat?beat=%7B%22cluster%22%3A%22DEFAULT%22%2C%22ip%22%3A%22192.168.0.6%22%2C%22metadata%22%3A%7B%22preserved.register.source%22%3A%22SPRING_CLOUD%22%7D%2C%22period%22%3A5000%2C%22port%22%3A3377%2C%22scheduled%22%3Afalse%2C%22serviceName%22%3A%22DEFAULT_GROUP%40%40nacos-config-client%22%2C%22stopped%22%3Afalse%2C%22weight%22%3A1.0%7D&serviceName=DEFAULT_GROUP%40%40nacos-config-client&encoding=UTF-8&namespaceId=public HTTP/1.1" 200 75 2 Nacos-Java-Client:v1.1.1
192.168.0.6 - - [23/Nov/2022:19:59:16 +0800] "GET /nacos/v1/cs/health HTTP/1.1" 200 2 3 Apache-HttpAsyncClient/4.1.3 (Java/1.8.0_251)
127.0.0.1 - - [23/Nov/2022:19:59:16 +0800] "PUT /nacos/v1/ns/instance/beat?beat=%7B%22cluster%22%3A%22DEFAULT%22%2C%22ip%22%3A%22192.168.0.6%22%2C%22metadata%22%3A%7B%22preserved.register.source%22%3A%22SPRING_CLOUD%22%7D%2C%22period%22%3A5000%2C%22port%22%3A3377%2C%22scheduled%22%3Afalse%2C%22serviceName%22%3A%22DEFAULT_GROUP%40%40nacos-config-client%22%2C%22stopped%22%3Afalse%2C%22weight%22%3A1.0%7D&serviceName=DEFAULT_GROUP%40%40nacos-config-client&encoding=UTF-8&namespaceId=public HTTP/1.1" 200 75 1 Nacos-Java-Client:v1.1.1
192.168.0.6 - - [23/Nov/2022:19:59:21 +0800] "GET /nacos/v1/cs/health HTTP/1.1" 200 2 2 Apache-HttpAsyncClient/4.1.3 (Java/1.8.0_251)
127.0.0.1 - - [23/Nov/2022:19:59:21 +0800] "PUT /nacos/v1/ns/instance/beat?beat=%7B%22cluster%22%3A%22DEFAULT%22%2C%22ip%22%3A%22192.168.0.6%22%2C%22metadata%22%3A%7B%22preserved.register.source%22%3A%22SPRING_CLOUD%22%7D%2C%22period%22%3A5000%2C%22port%22%3A3377%2C%22scheduled%22%3Afalse%2C%22serviceName%22%3A%22DEFAULT_GROUP%40%40nacos-config-client%22%2C%22stopped%22%3Afalse%2C%22weight%22%3A1.0%7D&serviceName=DEFAULT_GROUP%40%40nacos-config-client&encoding=UTF-8&namespaceId=public HTTP/1.1" 200 75 2 Nacos-Java-Client:v1.1.1
192.168.0.6 - - [23/Nov/2022:19:59:26 +0800] "GET /nacos/v1/cs/health HTTP/1.1" 200 2 2 Apache-HttpAsyncClient/4.1.3 (Java/1.8.0_251)
127.0.0.1 - - [23/Nov/2022:19:59:26 +0800] "PUT /nacos/v1/ns/instance/beat?beat=%7B%22cluster%22%3A%22DEFAULT%22%2C%22ip%22%3A%22192.168.0.6%22%2C%22metadata%22%3A%7B%22preserved.register.source%22%3A%22SPRING_CLOUD%22%7D%2C%22period%22%3A5000%2C%22port%22%3A3377%2C%22scheduled%22%3Afalse%2C%22serviceName%22%3A%22DEFAULT_GROUP%40%40nacos-config-client%22%2C%22stopped%22%3Afalse%2C%22weight%22%3A1.0%7D&serviceName=DEFAULT_GROUP%40%40nacos-config-client&encoding=UTF-8&namespaceId=public HTTP/1.1" 200 75 1 Nacos-Java-Client:v1.1.1
127.0.0.1 - - [23/Nov/2022:19:59:27 +0800] "POST /nacos/v1/cs/configs/listener HTTP/1.1" 200 - 29517 Java/1.8.0_251
192.168.0.6 - - [23/Nov/2022:19:59:31 +0800] "GET /nacos/v1/cs/health HTTP/1.1" 200 2 2 Apache-HttpAsyncClient/4.1.3 (Java/1.8.0_251)
127.0.0.1 - - [23/Nov/2022:19:59:31 +0800] "PUT /nacos/v1/ns/instance/beat?beat=%7B%22cluster%22%3A%22DEFAULT%22%2C%22ip%22%3A%22192.168.0.6%22%2C%22metadata%22%3A%7B%22preserved.register.source%22%3A%22SPRING_CLOUD%22%7D%2C%22period%22%3A5000%2C%22port%22%3A3377%2C%22scheduled%22%3Afalse%2C%22serviceName%22%3A%22DEFAULT_GROUP%40%40nacos-config-client%22%2C%22stopped%22%3Afalse%2C%22weight%22%3A1.0%7D&serviceName=DEFAULT_GROUP%40%40nacos-config-client&encoding=UTF-8&namespaceId=public HTTP/1.1" 200 75 1 Nacos-Java-Client:v1.1.1
0:0:0:0:0:0:0:1 - - [23/Nov/2022:19:59:33 +0800] "GET /nacos/v1/cs/configs?&accessToken=eyJhbGciOiJIUzI1NiJ9.eyJzdWIiOiJuYWNvcyIsImV4cCI6MTY2OTAyODg5Nn0.bGYjArEVqUEvqgmL9Jo0BKce9lytOMnzAN7Lv_WQJkI&show=all&dataId=nacos-config-client-info.yaml&group=DEV_GROUP&tenant=&namespaceId= HTTP/1.1" 200 - 3 Mozilla/5.0 (Windows NT 10.0; Win64; x64) AppleWebKit/537.36 (KHTML, like Gecko) Chrome/107.0.0.0 Safari/537.36
0:0:0:0:0:0:0:1 - - [23/Nov/2022:19:59:33 +0800] "POST /nacos/v1/cs/configs?&accessToken=eyJhbGciOiJIUzI1NiJ9.eyJzdWIiOiJuYWNvcyIsImV4cCI6MTY2OTAyODg5Nn0.bGYjArEVqUEvqgmL9Jo0BKce9lytOMnzAN7Lv_WQJkI HTTP/1.1" 200 14 6 Mozilla/5.0 (Windows NT 10.0; Win64; x64) AppleWebKit/537.36 (KHTML, like Gecko) Chrome/107.0.0.0 Safari/537.36
192.168.0.6 - - [23/Nov/2022:19:59:33 +0800] "GET /nacos/v1/cs/communication/dataChange?dataId=nacos-config-client-info.yaml&group=DEV_GROUP HTTP/1.1" 200 14 3 Apache-HttpAsyncClient/4.1.3 (Java/1.8.0_251)
0:0:0:0:0:0:0:1 - - [23/Nov/2022:19:59:35 +0800] "GET /nacos/v1/cs/configs?dataId=&group=&appName=&config_tags=&pageNo=1&pageSize=10&tenant=&search=accurate&accessToken=eyJhbGciOiJIUzI1NiJ9.eyJzdWIiOiJuYWNvcyIsImV4cCI6MTY2OTAyODg5Nn0.bGYjArEVqUEvqgmL9Jo0BKce9lytOMnzAN7Lv_WQJkI HTTP/1.1" 200 899 3 Mozilla/5.0 (Windows NT 10.0; Win64; x64) AppleWebKit/537.36 (KHTML, like Gecko) Chrome/107.0.0.0 Safari/537.36
192.168.0.6 - - [23/Nov/2022:19:59:36 +0800] "GET /nacos/v1/cs/health HTTP/1.1" 200 2 1 Apache-HttpAsyncClient/4.1.3 (Java/1.8.0_251)
0:0:0:0:0:0:0:1 - - [23/Nov/2022:19:59:36 +0800] "GET /nacos/ HTTP/1.1" 304 - 3 Mozilla/5.0 (Windows NT 10.0; Win64; x64) AppleWebKit/537.36 (KHTML, like Gecko) Chrome/107.0.0.0 Safari/537.36
0:0:0:0:0:0:0:1 - - [23/Nov/2022:19:59:36 +0800] "GET /nacos/v1/console/namespaces?&accessToken=eyJhbGciOiJIUzI1NiJ9.eyJzdWIiOiJuYWNvcyIsImV4cCI6MTY2OTAyODg5Nn0.bGYjArEVqUEvqgmL9Jo0BKce9lytOMnzAN7Lv_WQJkI&namespaceId= HTTP/1.1" 200 130 3 Mozilla/5.0 (Windows NT 10.0; Win64; x64) AppleWebKit/537.36 (KHTML, like Gecko) Chrome/107.0.0.0 Safari/537.36
0:0:0:0:0:0:0:1 - - [23/Nov/2022:19:59:36 +0800] "GET /nacos/v1/console/server/state?accessToken=eyJhbGciOiJIUzI1NiJ9.eyJzdWIiOiJuYWNvcyIsImV4cCI6MTY2OTAyODg5Nn0.bGYjArEVqUEvqgmL9Jo0BKce9lytOMnzAN7Lv_WQJkI HTTP/1.1" 200 82 2 Mozilla/5.0 (Windows NT 10.0; Win64; x64) AppleWebKit/537.36 (KHTML, like Gecko) Chrome/107.0.0.0 Safari/537.36
0:0:0:0:0:0:0:1 - - [23/Nov/2022:19:59:36 +0800] "GET /nacos/console-fe/public/icons/icon-font.woff2 HTTP/1.1" 404 177 5 Mozilla/5.0 (Windows NT 10.0; Win64; x64) AppleWebKit/537.36 (KHTML, like Gecko) Chrome/107.0.0.0 Safari/537.36
0:0:0:0:0:0:0:1 - - [23/Nov/2022:19:59:36 +0800] "GET /nacos/v1/cs/configs?dataId=&group=&appName=&config_tags=&pageNo=1&pageSize=10&tenant=&search=accurate&accessToken=eyJhbGciOiJIUzI1NiJ9.eyJzdWIiOiJuYWNvcyIsImV4cCI6MTY2OTAyODg5Nn0.bGYjArEVqUEvqgmL9Jo0BKce9lytOMnzAN7Lv_WQJkI HTTP/1.1" 200 899 3 Mozilla/5.0 (Windows NT 10.0; Win64; x64) AppleWebKit/537.36 (KHTML, like Gecko) Chrome/107.0.0.0 Safari/537.36
127.0.0.1 - - [23/Nov/2022:19:59:36 +0800] "PUT /nacos/v1/ns/instance/beat?beat=%7B%22cluster%22%3A%22DEFAULT%22%2C%22ip%22%3A%22192.168.0.6%22%2C%22metadata%22%3A%7B%22preserved.register.source%22%3A%22SPRING_CLOUD%22%7D%2C%22period%22%3A5000%2C%22port%22%3A3377%2C%22scheduled%22%3Afalse%2C%22serviceName%22%3A%22DEFAULT_GROUP%40%40nacos-config-client%22%2C%22stopped%22%3Afalse%2C%22weight%22%3A1.0%7D&serviceName=DEFAULT_GROUP%40%40nacos-config-client&encoding=UTF-8&namespaceId=public HTTP/1.1" 200 75 1 Nacos-Java-Client:v1.1.1
0:0:0:0:0:0:0:1 - - [23/Nov/2022:19:59:39 +0800] "GET /nacos/v1/cs/configs?dataId=nacos-config-client-info.yaml&group=DEV_GROUP&namespaceId=&tenant=&beta=true&accessToken=eyJhbGciOiJIUzI1NiJ9.eyJzdWIiOiJuYWNvcyIsImV4cCI6MTY2OTAyODg5Nn0.bGYjArEVqUEvqgmL9Jo0BKce9lytOMnzAN7Lv_WQJkI HTTP/1.1" 200 60 3 Mozilla/5.0 (Windows NT 10.0; Win64; x64) AppleWebKit/537.36 (KHTML, like Gecko) Chrome/107.0.0.0 Safari/537.36
0:0:0:0:0:0:0:1 - - [23/Nov/2022:19:59:39 +0800] "GET /nacos/v1/cs/configs?dataId=nacos-config-client-info.yaml&group=DEV_GROUP&namespaceId=&tenant=&show=all&accessToken=eyJhbGciOiJIUzI1NiJ9.eyJzdWIiOiJuYWNvcyIsImV4cCI6MTY2OTAyODg5Nn0.bGYjArEVqUEvqgmL9Jo0BKce9lytOMnzAN7Lv_WQJkI HTTP/1.1" 200 418 2 Mozilla/5.0 (Windows NT 10.0; Win64; x64) AppleWebKit/537.36 (KHTML, like Gecko) Chrome/107.0.0.0 Safari/537.36
192.168.0.6 - - [23/Nov/2022:19:59:41 +0800] "GET /nacos/v1/cs/health HTTP/1.1" 200 2 1 Apache-HttpAsyncClient/4.1.3 (Java/1.8.0_251)
0:0:0:0:0:0:0:1 - - [23/Nov/2022:19:59:41 +0800] "GET /nacos/v1/cs/configs?dataId=&group=&appName=&config_tags=&pageNo=1&pageSize=10&tenant=&search=accurate&accessToken=eyJhbGciOiJIUzI1NiJ9.eyJzdWIiOiJuYWNvcyIsImV4cCI6MTY2OTAyODg5Nn0.bGYjArEVqUEvqgmL9Jo0BKce9lytOMnzAN7Lv_WQJkI HTTP/1.1" 200 899 3 Mozilla/5.0 (Windows NT 10.0; Win64; x64) AppleWebKit/537.36 (KHTML, like Gecko) Chrome/107.0.0.0 Safari/537.36
127.0.0.1 - - [23/Nov/2022:19:59:41 +0800] "PUT /nacos/v1/ns/instance/beat?beat=%7B%22cluster%22%3A%22DEFAULT%22%2C%22ip%22%3A%22192.168.0.6%22%2C%22metadata%22%3A%7B%22preserved.register.source%22%3A%22SPRING_CLOUD%22%7D%2C%22period%22%3A5000%2C%22port%22%3A3377%2C%22scheduled%22%3Afalse%2C%22serviceName%22%3A%22DEFAULT_GROUP%40%40nacos-config-client%22%2C%22stopped%22%3Afalse%2C%22weight%22%3A1.0%7D&serviceName=DEFAULT_GROUP%40%40nacos-config-client&encoding=UTF-8&namespaceId=public HTTP/1.1" 200 75 2 Nacos-Java-Client:v1.1.1
0:0:0:0:0:0:0:1 - - [23/Nov/2022:19:59:42 +0800] "GET /nacos/v1/cs/configs?dataId=nacos-config-client-info.yaml&group=DEV_GROUP&namespaceId=&tenant=&beta=true&accessToken=eyJhbGciOiJIUzI1NiJ9.eyJzdWIiOiJuYWNvcyIsImV4cCI6MTY2OTAyODg5Nn0.bGYjArEVqUEvqgmL9Jo0BKce9lytOMnzAN7Lv_WQJkI HTTP/1.1" 200 60 3 Mozilla/5.0 (Windows NT 10.0; Win64; x64) AppleWebKit/537.36 (KHTML, like Gecko) Chrome/107.0.0.0 Safari/537.36
0:0:0:0:0:0:0:1 - - [23/Nov/2022:19:59:42 +0800] "GET /nacos/v1/cs/configs?dataId=nacos-config-client-info.yaml&group=DEV_GROUP&namespaceId=&tenant=&show=all&accessToken=eyJhbGciOiJIUzI1NiJ9.eyJzdWIiOiJuYWNvcyIsImV4cCI6MTY2OTAyODg5Nn0.bGYjArEVqUEvqgmL9Jo0BKce9lytOMnzAN7Lv_WQJkI HTTP/1.1" 200 418 2 Mozilla/5.0 (Windows NT 10.0; Win64; x64) AppleWebKit/537.36 (KHTML, like Gecko) Chrome/107.0.0.0 Safari/537.36
0:0:0:0:0:0:0:1 - - [23/Nov/2022:19:59:45 +0800] "GET /nacos/v1/cs/configs?dataId=&group=&appName=&config_tags=&pageNo=1&pageSize=10&tenant=&search=accurate&accessToken=eyJhbGciOiJIUzI1NiJ9.eyJzdWIiOiJuYWNvcyIsImV4cCI6MTY2OTAyODg5Nn0.bGYjArEVqUEvqgmL9Jo0BKce9lytOMnzAN7Lv_WQJkI HTTP/1.1" 200 899 3 Mozilla/5.0 (Windows NT 10.0; Win64; x64) AppleWebKit/537.36 (KHTML, like Gecko) Chrome/107.0.0.0 Safari/537.36
192.168.0.6 - - [23/Nov/2022:19:59:46 +0800] "GET /nacos/v1/cs/health HTTP/1.1" 200 2 2 Apache-HttpAsyncClient/4.1.3 (Java/1.8.0_251)
127.0.0.1 - - [23/Nov/2022:19:59:46 +0800] "PUT /nacos/v1/ns/instance/beat?beat=%7B%22cluster%22%3A%22DEFAULT%22%2C%22ip%22%3A%22192.168.0.6%22%2C%22metadata%22%3A%7B%22preserved.register.source%22%3A%22SPRING_CLOUD%22%7D%2C%22period%22%3A5000%2C%22port%22%3A3377%2C%22scheduled%22%3Afalse%2C%22serviceName%22%3A%22DEFAULT_GROUP%40%40nacos-config-client%22%2C%22stopped%22%3Afalse%2C%22weight%22%3A1.0%7D&serviceName=DEFAULT_GROUP%40%40nacos-config-client&encoding=UTF-8&namespaceId=public HTTP/1.1" 200 75 1 Nacos-Java-Client:v1.1.1
192.168.0.6 - - [23/Nov/2022:19:59:51 +0800] "GET /nacos/v1/cs/health HTTP/1.1" 200 2 2 Apache-HttpAsyncClient/4.1.3 (Java/1.8.0_251)
127.0.0.1 - - [23/Nov/2022:19:59:51 +0800] "PUT /nacos/v1/ns/instance/beat?beat=%7B%22cluster%22%3A%22DEFAULT%22%2C%22ip%22%3A%22192.168.0.6%22%2C%22metadata%22%3A%7B%22preserved.register.source%22%3A%22SPRING_CLOUD%22%7D%2C%22period%22%3A5000%2C%22port%22%3A3377%2C%22scheduled%22%3Afalse%2C%22serviceName%22%3A%22DEFAULT_GROUP%40%40nacos-config-client%22%2C%22stopped%22%3Afalse%2C%22weight%22%3A1.0%7D&serviceName=DEFAULT_GROUP%40%40nacos-config-client&encoding=UTF-8&namespaceId=public HTTP/1.1" 200 75 2 Nacos-Java-Client:v1.1.1
0:0:0:0:0:0:0:1 - - [23/Nov/2022:19:59:52 +0800] "GET /nacos/v1/cs/configs?dataId=nacos-config-client-info&group=TEST_GROUP&namespaceId=&tenant=&beta=true&accessToken=eyJhbGciOiJIUzI1NiJ9.eyJzdWIiOiJuYWNvcyIsImV4cCI6MTY2OTAyODg5Nn0.bGYjArEVqUEvqgmL9Jo0BKce9lytOMnzAN7Lv_WQJkI HTTP/1.1" 200 60 1 Mozilla/5.0 (Windows NT 10.0; Win64; x64) AppleWebKit/537.36 (KHTML, like Gecko) Chrome/107.0.0.0 Safari/537.36
0:0:0:0:0:0:0:1 - - [23/Nov/2022:19:59:52 +0800] "GET /nacos/v1/cs/configs?dataId=nacos-config-client-info&group=TEST_GROUP&namespaceId=&tenant=&show=all&accessToken=eyJhbGciOiJIUzI1NiJ9.eyJzdWIiOiJuYWNvcyIsImV4cCI6MTY2OTAyODg5Nn0.bGYjArEVqUEvqgmL9Jo0BKce9lytOMnzAN7Lv_WQJkI HTTP/1.1" 200 415 2 Mozilla/5.0 (Windows NT 10.0; Win64; x64) AppleWebKit/537.36 (KHTML, like Gecko) Chrome/107.0.0.0 Safari/537.36
0:0:0:0:0:0:0:1 - - [23/Nov/2022:19:59:53 +0800] "GET /nacos/v1/cs/configs?dataId=&group=&appName=&config_tags=&pageNo=1&pageSize=10&tenant=&search=accurate&accessToken=eyJhbGciOiJIUzI1NiJ9.eyJzdWIiOiJuYWNvcyIsImV4cCI6MTY2OTAyODg5Nn0.bGYjArEVqUEvqgmL9Jo0BKce9lytOMnzAN7Lv_WQJkI HTTP/1.1" 200 899 2 Mozilla/5.0 (Windows NT 10.0; Win64; x64) AppleWebKit/537.36 (KHTML, like Gecko) Chrome/107.0.0.0 Safari/537.36
192.168.0.6 - - [23/Nov/2022:19:59:56 +0800] "GET /nacos/v1/cs/health HTTP/1.1" 200 2 1 Apache-HttpAsyncClient/4.1.3 (Java/1.8.0_251)
127.0.0.1 - - [23/Nov/2022:19:59:56 +0800] "PUT /nacos/v1/ns/instance/beat?beat=%7B%22cluster%22%3A%22DEFAULT%22%2C%22ip%22%3A%22192.168.0.6%22%2C%22metadata%22%3A%7B%22preserved.register.source%22%3A%22SPRING_CLOUD%22%7D%2C%22period%22%3A5000%2C%22port%22%3A3377%2C%22scheduled%22%3Afalse%2C%22serviceName%22%3A%22DEFAULT_GROUP%40%40nacos-config-client%22%2C%22stopped%22%3Afalse%2C%22weight%22%3A1.0%7D&serviceName=DEFAULT_GROUP%40%40nacos-config-client&encoding=UTF-8&namespaceId=public HTTP/1.1" 200 75 1 Nacos-Java-Client:v1.1.1
127.0.0.1 - - [23/Nov/2022:19:59:57 +0800] "POST /nacos/v1/cs/configs/listener HTTP/1.1" 200 - 29505 Java/1.8.0_251
192.168.0.6 - - [23/Nov/2022:20:00:01 +0800] "GET /nacos/v1/cs/health HTTP/1.1" 200 2 2 Apache-HttpAsyncClient/4.1.3 (Java/1.8.0_251)
127.0.0.1 - - [23/Nov/2022:20:00:01 +0800] "PUT /nacos/v1/ns/instance/beat?beat=%7B%22cluster%22%3A%22DEFAULT%22%2C%22ip%22%3A%22192.168.0.6%22%2C%22metadata%22%3A%7B%22preserved.register.source%22%3A%22SPRING_CLOUD%22%7D%2C%22period%22%3A5000%2C%22port%22%3A3377%2C%22scheduled%22%3Afalse%2C%22serviceName%22%3A%22DEFAULT_GROUP%40%40nacos-config-client%22%2C%22stopped%22%3Afalse%2C%22weight%22%3A1.0%7D&serviceName=DEFAULT_GROUP%40%40nacos-config-client&encoding=UTF-8&namespaceId=public HTTP/1.1" 200 75 1 Nacos-Java-Client:v1.1.1
192.168.0.6 - - [23/Nov/2022:20:00:06 +0800] "GET /nacos/v1/cs/health HTTP/1.1" 200 2 2 Apache-HttpAsyncClient/4.1.3 (Java/1.8.0_251)
127.0.0.1 - - [23/Nov/2022:20:00:06 +0800] "PUT /nacos/v1/ns/instance/beat?beat=%7B%22cluster%22%3A%22DEFAULT%22%2C%22ip%22%3A%22192.168.0.6%22%2C%22metadata%22%3A%7B%22preserved.register.source%22%3A%22SPRING_CLOUD%22%7D%2C%22period%22%3A5000%2C%22port%22%3A3377%2C%22scheduled%22%3Afalse%2C%22serviceName%22%3A%22DEFAULT_GROUP%40%40nacos-config-client%22%2C%22stopped%22%3Afalse%2C%22weight%22%3A1.0%7D&serviceName=DEFAULT_GROUP%40%40nacos-config-client&encoding=UTF-8&namespaceId=public HTTP/1.1" 200 75 2 Nacos-Java-Client:v1.1.1
192.168.0.6 - - [23/Nov/2022:20:00:11 +0800] "GET /nacos/v1/cs/health HTTP/1.1" 200 2 2 Apache-HttpAsyncClient/4.1.3 (Java/1.8.0_251)
127.0.0.1 - - [23/Nov/2022:20:00:11 +0800] "PUT /nacos/v1/ns/instance/beat?beat=%7B%22cluster%22%3A%22DEFAULT%22%2C%22ip%22%3A%22192.168.0.6%22%2C%22metadata%22%3A%7B%22preserved.register.source%22%3A%22SPRING_CLOUD%22%7D%2C%22period%22%3A5000%2C%22port%22%3A3377%2C%22scheduled%22%3Afalse%2C%22serviceName%22%3A%22DEFAULT_GROUP%40%40nacos-config-client%22%2C%22stopped%22%3Afalse%2C%22weight%22%3A1.0%7D&serviceName=DEFAULT_GROUP%40%40nacos-config-client&encoding=UTF-8&namespaceId=public HTTP/1.1" 200 75 2 Nacos-Java-Client:v1.1.1
192.168.0.6 - - [23/Nov/2022:20:00:16 +0800] "GET /nacos/v1/cs/health HTTP/1.1" 200 2 2 Apache-HttpAsyncClient/4.1.3 (Java/1.8.0_251)
127.0.0.1 - - [23/Nov/2022:20:00:16 +0800] "PUT /nacos/v1/ns/instance/beat?beat=%7B%22cluster%22%3A%22DEFAULT%22%2C%22ip%22%3A%22192.168.0.6%22%2C%22metadata%22%3A%7B%22preserved.register.source%22%3A%22SPRING_CLOUD%22%7D%2C%22period%22%3A5000%2C%22port%22%3A3377%2C%22scheduled%22%3Afalse%2C%22serviceName%22%3A%22DEFAULT_GROUP%40%40nacos-config-client%22%2C%22stopped%22%3Afalse%2C%22weight%22%3A1.0%7D&serviceName=DEFAULT_GROUP%40%40nacos-config-client&encoding=UTF-8&namespaceId=public HTTP/1.1" 200 75 1 Nacos-Java-Client:v1.1.1
127.0.0.1 - - [23/Nov/2022:20:00:19 +0800] "DELETE /nacos/v1/ns/instance?namespaceId=public&port=3377&clusterName=DEFAULT&ip=192.168.0.6&ephemeral=true&serviceName=DEFAULT_GROUP%40%40nacos-config-client&encoding=UTF-8 HTTP/1.1" 200 2 3 Nacos-Java-Client:v1.1.1
192.168.0.6 - - [23/Nov/2022:20:00:21 +0800] "GET /nacos/v1/cs/health HTTP/1.1" 200 2 2 Apache-HttpAsyncClient/4.1.3 (Java/1.8.0_251)
127.0.0.1 - - [23/Nov/2022:20:00:23 +0800] "GET /nacos/v1/cs/configs?dataId=nacos-config-client.yaml&group=TEST_GROUP HTTP/1.1" 404 23 2 Java/1.8.0_251
127.0.0.1 - - [23/Nov/2022:20:00:23 +0800] "GET /nacos/v1/cs/configs?dataId=nacos-config-client-test.yaml&group=TEST_GROUP HTTP/1.1" 404 23 1 Java/1.8.0_251
192.168.0.6 - - [23/Nov/2022:20:00:26 +0800] "GET /nacos/v1/cs/health HTTP/1.1" 200 2 1 Apache-HttpAsyncClient/4.1.3 (Java/1.8.0_251)
127.0.0.1 - - [23/Nov/2022:20:00:26 +0800] "POST /nacos/v1/cs/configs/listener HTTP/1.1" 500 - 29508 Java/1.8.0_251
192.168.0.6 - - [23/Nov/2022:20:00:31 +0800] "GET /nacos/v1/cs/health HTTP/1.1" 200 2 1 Apache-HttpAsyncClient/4.1.3 (Java/1.8.0_251)
192.168.0.6 - - [23/Nov/2022:20:00:36 +0800] "GET /nacos/v1/cs/health HTTP/1.1" 200 2 1 Apache-HttpAsyncClient/4.1.3 (Java/1.8.0_251)
192.168.0.6 - - [23/Nov/2022:20:00:41 +0800] "GET /nacos/v1/cs/health HTTP/1.1" 200 2 2 Apache-HttpAsyncClient/4.1.3 (Java/1.8.0_251)
192.168.0.6 - - [23/Nov/2022:20:00:46 +0800] "GET /nacos/v1/cs/health HTTP/1.1" 200 2 2 Apache-HttpAsyncClient/4.1.3 (Java/1.8.0_251)
0:0:0:0:0:0:0:1 - - [23/Nov/2022:20:00:51 +0800] "GET /nacos/v1/cs/configs?show=all&dataId=nacos-config-client-info&group=TEST_GROUP&tenant=&accessToken=eyJhbGciOiJIUzI1NiJ9.eyJzdWIiOiJuYWNvcyIsImV4cCI6MTY2OTAyODg5Nn0.bGYjArEVqUEvqgmL9Jo0BKce9lytOMnzAN7Lv_WQJkI&namespaceId= HTTP/1.1" 200 415 2 Mozilla/5.0 (Windows NT 10.0; Win64; x64) AppleWebKit/537.36 (KHTML, like Gecko) Chrome/107.0.0.0 Safari/537.36
192.168.0.6 - - [23/Nov/2022:20:00:51 +0800] "GET /nacos/v1/cs/health HTTP/1.1" 200 2 1 Apache-HttpAsyncClient/4.1.3 (Java/1.8.0_251)
0:0:0:0:0:0:0:1 - - [23/Nov/2022:20:00:55 +0800] "GET /nacos/v1/cs/configs?dataId=&group=&appName=&config_tags=&pageNo=1&pageSize=10&tenant=&search=accurate&accessToken=eyJhbGciOiJIUzI1NiJ9.eyJzdWIiOiJuYWNvcyIsImV4cCI6MTY2OTAyODg5Nn0.bGYjArEVqUEvqgmL9Jo0BKce9lytOMnzAN7Lv_WQJkI HTTP/1.1" 200 899 4 Mozilla/5.0 (Windows NT 10.0; Win64; x64) AppleWebKit/537.36 (KHTML, like Gecko) Chrome/107.0.0.0 Safari/537.36
0:0:0:0:0:0:0:1 - - [23/Nov/2022:20:00:56 +0800] "GET /nacos/v1/cs/configs?dataId=nacos-config-client-info&group=TEST_GROUP&namespaceId=&tenant=&beta=true&accessToken=eyJhbGciOiJIUzI1NiJ9.eyJzdWIiOiJuYWNvcyIsImV4cCI6MTY2OTAyODg5Nn0.bGYjArEVqUEvqgmL9Jo0BKce9lytOMnzAN7Lv_WQJkI HTTP/1.1" 200 60 3 Mozilla/5.0 (Windows NT 10.0; Win64; x64) AppleWebKit/537.36 (KHTML, like Gecko) Chrome/107.0.0.0 Safari/537.36
0:0:0:0:0:0:0:1 - - [23/Nov/2022:20:00:56 +0800] "GET /nacos/v1/cs/configs?dataId=nacos-config-client-info&group=TEST_GROUP&namespaceId=&tenant=&show=all&accessToken=eyJhbGciOiJIUzI1NiJ9.eyJzdWIiOiJuYWNvcyIsImV4cCI6MTY2OTAyODg5Nn0.bGYjArEVqUEvqgmL9Jo0BKce9lytOMnzAN7Lv_WQJkI HTTP/1.1" 200 415 2 Mozilla/5.0 (Windows NT 10.0; Win64; x64) AppleWebKit/537.36 (KHTML, like Gecko) Chrome/107.0.0.0 Safari/537.36
192.168.0.6 - - [23/Nov/2022:20:00:56 +0800] "GET /nacos/v1/cs/health HTTP/1.1" 200 2 1 Apache-HttpAsyncClient/4.1.3 (Java/1.8.0_251)
192.168.0.6 - - [23/Nov/2022:20:01:01 +0800] "GET /nacos/v1/cs/health HTTP/1.1" 200 2 2 Apache-HttpAsyncClient/4.1.3 (Java/1.8.0_251)
192.168.0.6 - - [23/Nov/2022:20:01:06 +0800] "GET /nacos/v1/cs/health HTTP/1.1" 200 2 2 Apache-HttpAsyncClient/4.1.3 (Java/1.8.0_251)
0:0:0:0:0:0:0:1 - - [23/Nov/2022:20:01:09 +0800] "GET /nacos/v1/cs/configs?dataId=&group=&appName=&config_tags=&pageNo=1&pageSize=10&tenant=&search=accurate&accessToken=eyJhbGciOiJIUzI1NiJ9.eyJzdWIiOiJuYWNvcyIsImV4cCI6MTY2OTAyODg5Nn0.bGYjArEVqUEvqgmL9Jo0BKce9lytOMnzAN7Lv_WQJkI HTTP/1.1" 200 899 2 Mozilla/5.0 (Windows NT 10.0; Win64; x64) AppleWebKit/537.36 (KHTML, like Gecko) Chrome/107.0.0.0 Safari/537.36
192.168.0.6 - - [23/Nov/2022:20:01:11 +0800] "GET /nacos/v1/cs/health HTTP/1.1" 200 2 1 Apache-HttpAsyncClient/4.1.3 (Java/1.8.0_251)
0:0:0:0:0:0:0:1 - - [23/Nov/2022:20:01:12 +0800] "DELETE /nacos/v1/cs/configs?dataId=nacos-config-client-info&group=TEST_GROUP&tenant=&accessToken=eyJhbGciOiJIUzI1NiJ9.eyJzdWIiOiJuYWNvcyIsImV4cCI6MTY2OTAyODg5Nn0.bGYjArEVqUEvqgmL9Jo0BKce9lytOMnzAN7Lv_WQJkI HTTP/1.1" 200 14 19 Mozilla/5.0 (Windows NT 10.0; Win64; x64) AppleWebKit/537.36 (KHTML, like Gecko) Chrome/107.0.0.0 Safari/537.36
192.168.0.6 - - [23/Nov/2022:20:01:12 +0800] "GET /nacos/v1/cs/communication/dataChange?dataId=nacos-config-client-info&group=TEST_GROUP HTTP/1.1" 200 14 2 Apache-HttpAsyncClient/4.1.3 (Java/1.8.0_251)
0:0:0:0:0:0:0:1 - - [23/Nov/2022:20:01:12 +0800] "GET /nacos/v1/cs/configs?dataId=&group=&appName=&config_tags=&pageNo=1&pageSize=10&tenant=&search=accurate&accessToken=eyJhbGciOiJIUzI1NiJ9.eyJzdWIiOiJuYWNvcyIsImV4cCI6MTY2OTAyODg5Nn0.bGYjArEVqUEvqgmL9Jo0BKce9lytOMnzAN7Lv_WQJkI HTTP/1.1" 200 695 2 Mozilla/5.0 (Windows NT 10.0; Win64; x64) AppleWebKit/537.36 (KHTML, like Gecko) Chrome/107.0.0.0 Safari/537.36
192.168.0.6 - - [23/Nov/2022:20:01:16 +0800] "GET /nacos/v1/cs/health HTTP/1.1" 200 2 2 Apache-HttpAsyncClient/4.1.3 (Java/1.8.0_251)
192.168.0.6 - - [23/Nov/2022:20:01:21 +0800] "GET /nacos/v1/cs/health HTTP/1.1" 200 2 1 Apache-HttpAsyncClient/4.1.3 (Java/1.8.0_251)
127.0.0.1 - - [23/Nov/2022:20:01:22 +0800] "GET /nacos/v1/cs/configs?dataId=nacos-config-client.yaml&group=DEV_GROUP HTTP/1.1" 404 23 1 Java/1.8.0_251
127.0.0.1 - - [23/Nov/2022:20:01:22 +0800] "GET /nacos/v1/cs/configs?dataId=nacos-config-client-test.yaml&group=DEV_GROUP HTTP/1.1" 404 23 0 Java/1.8.0_251
192.168.0.6 - - [23/Nov/2022:20:01:26 +0800] "GET /nacos/v1/cs/health HTTP/1.1" 200 2 1 Apache-HttpAsyncClient/4.1.3 (Java/1.8.0_251)
192.168.0.6 - - [23/Nov/2022:20:01:31 +0800] "GET /nacos/v1/cs/health HTTP/1.1" 200 2 2 Apache-HttpAsyncClient/4.1.3 (Java/1.8.0_251)
192.168.0.6 - - [23/Nov/2022:20:01:36 +0800] "GET /nacos/v1/cs/health HTTP/1.1" 200 2 2 Apache-HttpAsyncClient/4.1.3 (Java/1.8.0_251)
0:0:0:0:0:0:0:1 - - [23/Nov/2022:20:01:37 +0800] "GET /nacos/v1/cs/configs?dataId=nacos-config-client-info.yaml&group=DEV_GROUP&namespaceId=&tenant=&beta=true&accessToken=eyJhbGciOiJIUzI1NiJ9.eyJzdWIiOiJuYWNvcyIsImV4cCI6MTY2OTAyODg5Nn0.bGYjArEVqUEvqgmL9Jo0BKce9lytOMnzAN7Lv_WQJkI HTTP/1.1" 200 60 2 Mozilla/5.0 (Windows NT 10.0; Win64; x64) AppleWebKit/537.36 (KHTML, like Gecko) Chrome/107.0.0.0 Safari/537.36
0:0:0:0:0:0:0:1 - - [23/Nov/2022:20:01:37 +0800] "GET /nacos/v1/cs/configs?dataId=nacos-config-client-info.yaml&group=DEV_GROUP&namespaceId=&tenant=&show=all&accessToken=eyJhbGciOiJIUzI1NiJ9.eyJzdWIiOiJuYWNvcyIsImV4cCI6MTY2OTAyODg5Nn0.bGYjArEVqUEvqgmL9Jo0BKce9lytOMnzAN7Lv_WQJkI HTTP/1.1" 200 418 2 Mozilla/5.0 (Windows NT 10.0; Win64; x64) AppleWebKit/537.36 (KHTML, like Gecko) Chrome/107.0.0.0 Safari/537.36
192.168.0.6 - - [23/Nov/2022:20:01:41 +0800] "GET /nacos/v1/cs/health HTTP/1.1" 200 2 1 Apache-HttpAsyncClient/4.1.3 (Java/1.8.0_251)
192.168.0.6 - - [23/Nov/2022:20:01:46 +0800] "GET /nacos/v1/cs/health HTTP/1.1" 200 2 2 Apache-HttpAsyncClient/4.1.3 (Java/1.8.0_251)
0:0:0:0:0:0:0:1 - - [23/Nov/2022:20:01:47 +0800] "GET /nacos/v1/cs/configs?dataId=&group=&appName=&config_tags=&pageNo=1&pageSize=10&tenant=&search=accurate&accessToken=eyJhbGciOiJIUzI1NiJ9.eyJzdWIiOiJuYWNvcyIsImV4cCI6MTY2OTAyODg5Nn0.bGYjArEVqUEvqgmL9Jo0BKce9lytOMnzAN7Lv_WQJkI HTTP/1.1" 200 695 2 Mozilla/5.0 (Windows NT 10.0; Win64; x64) AppleWebKit/537.36 (KHTML, like Gecko) Chrome/107.0.0.0 Safari/537.36
192.168.0.6 - - [23/Nov/2022:20:01:51 +0800] "GET /nacos/v1/cs/health HTTP/1.1" 200 2 2 Apache-HttpAsyncClient/4.1.3 (Java/1.8.0_251)
127.0.0.1 - - [23/Nov/2022:20:01:55 +0800] "GET /nacos/v1/cs/configs?dataId=nacos-config-client.yaml&group=DEFAULT_GROUP HTTP/1.1" 404 23 2 Java/1.8.0_251
127.0.0.1 - - [23/Nov/2022:20:01:55 +0800] "GET /nacos/v1/cs/configs?dataId=nacos-config-client-test.yaml&group=DEFAULT_GROUP HTTP/1.1" 200 79 1 Java/1.8.0_251
192.168.0.6 - - [23/Nov/2022:20:01:56 +0800] "GET /nacos/v1/cs/health HTTP/1.1" 200 2 1 Apache-HttpAsyncClient/4.1.3 (Java/1.8.0_251)
127.0.0.1 - - [23/Nov/2022:20:01:57 +0800] "PUT /nacos/v1/ns/instance/beat?beat=%7B%22cluster%22%3A%22DEFAULT%22%2C%22ip%22%3A%22192.168.0.6%22%2C%22metadata%22%3A%7B%22preserved.register.source%22%3A%22SPRING_CLOUD%22%7D%2C%22period%22%3A5000%2C%22port%22%3A3377%2C%22scheduled%22%3Afalse%2C%22serviceName%22%3A%22DEFAULT_GROUP%40%40nacos-config-client%22%2C%22stopped%22%3Afalse%2C%22weight%22%3A1.0%7D&serviceName=DEFAULT_GROUP%40%40nacos-config-client&encoding=UTF-8&namespaceId=public HTTP/1.1" 200 75 2 Nacos-Java-Client:v1.1.1
127.0.0.1 - - [23/Nov/2022:20:01:57 +0800] "POST /nacos/v1/ns/instance?groupName=DEFAULT_GROUP&metadata=%7B%22preserved.register.source%22%3A%22SPRING_CLOUD%22%7D&namespaceId=public&port=3377&enable=true&healthy=true&clusterName=DEFAULT&ip=192.168.0.6&weight=1.0&ephemeral=true&serviceName=DEFAULT_GROUP%40%40nacos-config-client&encoding=UTF-8 HTTP/1.1" 200 2 2 Nacos-Java-Client:v1.1.1
127.0.0.1 - - [23/Nov/2022:20:01:58 +0800] "POST /nacos/v1/cs/configs/listener HTTP/1.1" 200 - 2 Java/1.8.0_251
192.168.0.6 - - [23/Nov/2022:20:02:01 +0800] "GET /nacos/v1/cs/health HTTP/1.1" 200 2 1 Apache-HttpAsyncClient/4.1.3 (Java/1.8.0_251)
127.0.0.1 - - [23/Nov/2022:20:02:02 +0800] "PUT /nacos/v1/ns/instance/beat?beat=%7B%22cluster%22%3A%22DEFAULT%22%2C%22ip%22%3A%22192.168.0.6%22%2C%22metadata%22%3A%7B%22preserved.register.source%22%3A%22SPRING_CLOUD%22%7D%2C%22period%22%3A5000%2C%22port%22%3A3377%2C%22scheduled%22%3Afalse%2C%22serviceName%22%3A%22DEFAULT_GROUP%40%40nacos-config-client%22%2C%22stopped%22%3Afalse%2C%22weight%22%3A1.0%7D&serviceName=DEFAULT_GROUP%40%40nacos-config-client&encoding=UTF-8&namespaceId=public HTTP/1.1" 200 75 1 Nacos-Java-Client:v1.1.1
192.168.0.6 - - [23/Nov/2022:20:02:06 +0800] "GET /nacos/v1/cs/health HTTP/1.1" 200 2 2 Apache-HttpAsyncClient/4.1.3 (Java/1.8.0_251)
127.0.0.1 - - [23/Nov/2022:20:02:07 +0800] "PUT /nacos/v1/ns/instance/beat?beat=%7B%22cluster%22%3A%22DEFAULT%22%2C%22ip%22%3A%22192.168.0.6%22%2C%22metadata%22%3A%7B%22preserved.register.source%22%3A%22SPRING_CLOUD%22%7D%2C%22period%22%3A5000%2C%22port%22%3A3377%2C%22scheduled%22%3Afalse%2C%22serviceName%22%3A%22DEFAULT_GROUP%40%40nacos-config-client%22%2C%22stopped%22%3Afalse%2C%22weight%22%3A1.0%7D&serviceName=DEFAULT_GROUP%40%40nacos-config-client&encoding=UTF-8&namespaceId=public HTTP/1.1" 200 75 2 Nacos-Java-Client:v1.1.1
192.168.0.6 - - [23/Nov/2022:20:02:11 +0800] "GET /nacos/v1/cs/health HTTP/1.1" 200 2 1 Apache-HttpAsyncClient/4.1.3 (Java/1.8.0_251)
127.0.0.1 - - [23/Nov/2022:20:02:12 +0800] "DELETE /nacos/v1/ns/instance?namespaceId=public&port=3377&clusterName=DEFAULT&ip=192.168.0.6&ephemeral=true&serviceName=DEFAULT_GROUP%40%40nacos-config-client&encoding=UTF-8 HTTP/1.1" 200 2 1 Nacos-Java-Client:v1.1.1
127.0.0.1 - - [23/Nov/2022:20:02:15 +0800] "GET /nacos/v1/cs/configs?dataId=nacos-config-client.yaml&group=DEFAULT_GROUP HTTP/1.1" 404 23 2 Java/1.8.0_251
127.0.0.1 - - [23/Nov/2022:20:02:15 +0800] "GET /nacos/v1/cs/configs?dataId=nacos-config-client-dev.yaml&group=DEFAULT_GROUP HTTP/1.1" 200 74 9 Java/1.8.0_251
192.168.0.6 - - [23/Nov/2022:20:02:16 +0800] "GET /nacos/v1/cs/health HTTP/1.1" 200 2 2 Apache-HttpAsyncClient/4.1.3 (Java/1.8.0_251)
127.0.0.1 - - [23/Nov/2022:20:02:17 +0800] "PUT /nacos/v1/ns/instance/beat?beat=%7B%22cluster%22%3A%22DEFAULT%22%2C%22ip%22%3A%22192.168.0.6%22%2C%22metadata%22%3A%7B%22preserved.register.source%22%3A%22SPRING_CLOUD%22%7D%2C%22period%22%3A5000%2C%22port%22%3A3377%2C%22scheduled%22%3Afalse%2C%22serviceName%22%3A%22DEFAULT_GROUP%40%40nacos-config-client%22%2C%22stopped%22%3Afalse%2C%22weight%22%3A1.0%7D&serviceName=DEFAULT_GROUP%40%40nacos-config-client&encoding=UTF-8&namespaceId=public HTTP/1.1" 200 75 2 Nacos-Java-Client:v1.1.1
127.0.0.1 - - [23/Nov/2022:20:02:17 +0800] "POST /nacos/v1/ns/instance?groupName=DEFAULT_GROUP&metadata=%7B%22preserved.register.source%22%3A%22SPRING_CLOUD%22%7D&namespaceId=public&port=3377&enable=true&healthy=true&clusterName=DEFAULT&ip=192.168.0.6&weight=1.0&ephemeral=true&serviceName=DEFAULT_GROUP%40%40nacos-config-client&encoding=UTF-8 HTTP/1.1" 200 2 1 Nacos-Java-Client:v1.1.1
127.0.0.1 - - [23/Nov/2022:20:02:18 +0800] "POST /nacos/v1/cs/configs/listener HTTP/1.1" 200 - 1 Java/1.8.0_251
192.168.0.6 - - [23/Nov/2022:20:02:21 +0800] "GET /nacos/v1/cs/health HTTP/1.1" 200 2 2 Apache-HttpAsyncClient/4.1.3 (Java/1.8.0_251)
127.0.0.1 - - [23/Nov/2022:20:02:22 +0800] "PUT /nacos/v1/ns/instance/beat?beat=%7B%22cluster%22%3A%22DEFAULT%22%2C%22ip%22%3A%22192.168.0.6%22%2C%22metadata%22%3A%7B%22preserved.register.source%22%3A%22SPRING_CLOUD%22%7D%2C%22period%22%3A5000%2C%22port%22%3A3377%2C%22scheduled%22%3Afalse%2C%22serviceName%22%3A%22DEFAULT_GROUP%40%40nacos-config-client%22%2C%22stopped%22%3Afalse%2C%22weight%22%3A1.0%7D&serviceName=DEFAULT_GROUP%40%40nacos-config-client&encoding=UTF-8&namespaceId=public HTTP/1.1" 200 75 1 Nacos-Java-Client:v1.1.1
192.168.0.6 - - [23/Nov/2022:20:02:26 +0800] "GET /nacos/v1/cs/health HTTP/1.1" 200 2 2 Apache-HttpAsyncClient/4.1.3 (Java/1.8.0_251)
127.0.0.1 - - [23/Nov/2022:20:02:27 +0800] "PUT /nacos/v1/ns/instance/beat?beat=%7B%22cluster%22%3A%22DEFAULT%22%2C%22ip%22%3A%22192.168.0.6%22%2C%22metadata%22%3A%7B%22preserved.register.source%22%3A%22SPRING_CLOUD%22%7D%2C%22period%22%3A5000%2C%22port%22%3A3377%2C%22scheduled%22%3Afalse%2C%22serviceName%22%3A%22DEFAULT_GROUP%40%40nacos-config-client%22%2C%22stopped%22%3Afalse%2C%22weight%22%3A1.0%7D&serviceName=DEFAULT_GROUP%40%40nacos-config-client&encoding=UTF-8&namespaceId=public HTTP/1.1" 200 75 2 Nacos-Java-Client:v1.1.1
127.0.0.1 - - [23/Nov/2022:20:02:28 +0800] "POST /nacos/v1/cs/configs/listener HTTP/1.1" 500 - 29503 Java/1.8.0_251
192.168.0.6 - - [23/Nov/2022:20:02:31 +0800] "GET /nacos/v1/cs/health HTTP/1.1" 200 2 2 Apache-HttpAsyncClient/4.1.3 (Java/1.8.0_251)
127.0.0.1 - - [23/Nov/2022:20:02:32 +0800] "PUT /nacos/v1/ns/instance/beat?beat=%7B%22cluster%22%3A%22DEFAULT%22%2C%22ip%22%3A%22192.168.0.6%22%2C%22metadata%22%3A%7B%22preserved.register.source%22%3A%22SPRING_CLOUD%22%7D%2C%22period%22%3A5000%2C%22port%22%3A3377%2C%22scheduled%22%3Afalse%2C%22serviceName%22%3A%22DEFAULT_GROUP%40%40nacos-config-client%22%2C%22stopped%22%3Afalse%2C%22weight%22%3A1.0%7D&serviceName=DEFAULT_GROUP%40%40nacos-config-client&encoding=UTF-8&namespaceId=public HTTP/1.1" 200 75 2 Nacos-Java-Client:v1.1.1
192.168.0.6 - - [23/Nov/2022:20:02:36 +0800] "GET /nacos/v1/cs/health HTTP/1.1" 200 2 1 Apache-HttpAsyncClient/4.1.3 (Java/1.8.0_251)
127.0.0.1 - - [23/Nov/2022:20:02:37 +0800] "PUT /nacos/v1/ns/instance/beat?beat=%7B%22cluster%22%3A%22DEFAULT%22%2C%22ip%22%3A%22192.168.0.6%22%2C%22metadata%22%3A%7B%22preserved.register.source%22%3A%22SPRING_CLOUD%22%7D%2C%22period%22%3A5000%2C%22port%22%3A3377%2C%22scheduled%22%3Afalse%2C%22serviceName%22%3A%22DEFAULT_GROUP%40%40nacos-config-client%22%2C%22stopped%22%3Afalse%2C%22weight%22%3A1.0%7D&serviceName=DEFAULT_GROUP%40%40nacos-config-client&encoding=UTF-8&namespaceId=public HTTP/1.1" 200 75 2 Nacos-Java-Client:v1.1.1
192.168.0.6 - - [23/Nov/2022:20:02:41 +0800] "GET /nacos/v1/cs/health HTTP/1.1" 200 2 2 Apache-HttpAsyncClient/4.1.3 (Java/1.8.0_251)
127.0.0.1 - - [23/Nov/2022:20:02:42 +0800] "PUT /nacos/v1/ns/instance/beat?beat=%7B%22cluster%22%3A%22DEFAULT%22%2C%22ip%22%3A%22192.168.0.6%22%2C%22metadata%22%3A%7B%22preserved.register.source%22%3A%22SPRING_CLOUD%22%7D%2C%22period%22%3A5000%2C%22port%22%3A3377%2C%22scheduled%22%3Afalse%2C%22serviceName%22%3A%22DEFAULT_GROUP%40%40nacos-config-client%22%2C%22stopped%22%3Afalse%2C%22weight%22%3A1.0%7D&serviceName=DEFAULT_GROUP%40%40nacos-config-client&encoding=UTF-8&namespaceId=public HTTP/1.1" 200 75 1 Nacos-Java-Client:v1.1.1
192.168.0.6 - - [23/Nov/2022:20:02:46 +0800] "GET /nacos/v1/cs/health HTTP/1.1" 200 2 2 Apache-HttpAsyncClient/4.1.3 (Java/1.8.0_251)
127.0.0.1 - - [23/Nov/2022:20:02:47 +0800] "POST /nacos/v1/cs/configs/listener HTTP/1.1" 200 - 29503 Java/1.8.0_251
127.0.0.1 - - [23/Nov/2022:20:02:47 +0800] "PUT /nacos/v1/ns/instance/beat?beat=%7B%22cluster%22%3A%22DEFAULT%22%2C%22ip%22%3A%22192.168.0.6%22%2C%22metadata%22%3A%7B%22preserved.register.source%22%3A%22SPRING_CLOUD%22%7D%2C%22period%22%3A5000%2C%22port%22%3A3377%2C%22scheduled%22%3Afalse%2C%22serviceName%22%3A%22DEFAULT_GROUP%40%40nacos-config-client%22%2C%22stopped%22%3Afalse%2C%22weight%22%3A1.0%7D&serviceName=DEFAULT_GROUP%40%40nacos-config-client&encoding=UTF-8&namespaceId=public HTTP/1.1" 200 75 2 Nacos-Java-Client:v1.1.1
192.168.0.6 - - [23/Nov/2022:20:02:51 +0800] "GET /nacos/v1/cs/health HTTP/1.1" 200 2 2 Apache-HttpAsyncClient/4.1.3 (Java/1.8.0_251)
127.0.0.1 - - [23/Nov/2022:20:02:52 +0800] "PUT /nacos/v1/ns/instance/beat?beat=%7B%22cluster%22%3A%22DEFAULT%22%2C%22ip%22%3A%22192.168.0.6%22%2C%22metadata%22%3A%7B%22preserved.register.source%22%3A%22SPRING_CLOUD%22%7D%2C%22period%22%3A5000%2C%22port%22%3A3377%2C%22scheduled%22%3Afalse%2C%22serviceName%22%3A%22DEFAULT_GROUP%40%40nacos-config-client%22%2C%22stopped%22%3Afalse%2C%22weight%22%3A1.0%7D&serviceName=DEFAULT_GROUP%40%40nacos-config-client&encoding=UTF-8&namespaceId=public HTTP/1.1" 200 75 1 Nacos-Java-Client:v1.1.1
192.168.0.6 - - [23/Nov/2022:20:02:56 +0800] "GET /nacos/v1/cs/health HTTP/1.1" 200 2 2 Apache-HttpAsyncClient/4.1.3 (Java/1.8.0_251)
127.0.0.1 - - [23/Nov/2022:20:02:57 +0800] "PUT /nacos/v1/ns/instance/beat?beat=%7B%22cluster%22%3A%22DEFAULT%22%2C%22ip%22%3A%22192.168.0.6%22%2C%22metadata%22%3A%7B%22preserved.register.source%22%3A%22SPRING_CLOUD%22%7D%2C%22period%22%3A5000%2C%22port%22%3A3377%2C%22scheduled%22%3Afalse%2C%22serviceName%22%3A%22DEFAULT_GROUP%40%40nacos-config-client%22%2C%22stopped%22%3Afalse%2C%22weight%22%3A1.0%7D&serviceName=DEFAULT_GROUP%40%40nacos-config-client&encoding=UTF-8&namespaceId=public HTTP/1.1" 200 75 1 Nacos-Java-Client:v1.1.1
192.168.0.6 - - [23/Nov/2022:20:03:01 +0800] "GET /nacos/v1/cs/health HTTP/1.1" 200 2 2 Apache-HttpAsyncClient/4.1.3 (Java/1.8.0_251)
127.0.0.1 - - [23/Nov/2022:20:03:02 +0800] "PUT /nacos/v1/ns/instance/beat?beat=%7B%22cluster%22%3A%22DEFAULT%22%2C%22ip%22%3A%22192.168.0.6%22%2C%22metadata%22%3A%7B%22preserved.register.source%22%3A%22SPRING_CLOUD%22%7D%2C%22period%22%3A5000%2C%22port%22%3A3377%2C%22scheduled%22%3Afalse%2C%22serviceName%22%3A%22DEFAULT_GROUP%40%40nacos-config-client%22%2C%22stopped%22%3Afalse%2C%22weight%22%3A1.0%7D&serviceName=DEFAULT_GROUP%40%40nacos-config-client&encoding=UTF-8&namespaceId=public HTTP/1.1" 200 75 2 Nacos-Java-Client:v1.1.1
192.168.0.6 - - [23/Nov/2022:20:03:06 +0800] "GET /nacos/v1/cs/health HTTP/1.1" 200 2 1 Apache-HttpAsyncClient/4.1.3 (Java/1.8.0_251)
127.0.0.1 - - [23/Nov/2022:20:03:07 +0800] "PUT /nacos/v1/ns/instance/beat?beat=%7B%22cluster%22%3A%22DEFAULT%22%2C%22ip%22%3A%22192.168.0.6%22%2C%22metadata%22%3A%7B%22preserved.register.source%22%3A%22SPRING_CLOUD%22%7D%2C%22period%22%3A5000%2C%22port%22%3A3377%2C%22scheduled%22%3Afalse%2C%22serviceName%22%3A%22DEFAULT_GROUP%40%40nacos-config-client%22%2C%22stopped%22%3Afalse%2C%22weight%22%3A1.0%7D&serviceName=DEFAULT_GROUP%40%40nacos-config-client&encoding=UTF-8&namespaceId=public HTTP/1.1" 200 75 2 Nacos-Java-Client:v1.1.1
192.168.0.6 - - [23/Nov/2022:20:03:11 +0800] "GET /nacos/v1/cs/health HTTP/1.1" 200 2 2 Apache-HttpAsyncClient/4.1.3 (Java/1.8.0_251)
127.0.0.1 - - [23/Nov/2022:20:03:12 +0800] "PUT /nacos/v1/ns/instance/beat?beat=%7B%22cluster%22%3A%22DEFAULT%22%2C%22ip%22%3A%22192.168.0.6%22%2C%22metadata%22%3A%7B%22preserved.register.source%22%3A%22SPRING_CLOUD%22%7D%2C%22period%22%3A5000%2C%22port%22%3A3377%2C%22scheduled%22%3Afalse%2C%22serviceName%22%3A%22DEFAULT_GROUP%40%40nacos-config-client%22%2C%22stopped%22%3Afalse%2C%22weight%22%3A1.0%7D&serviceName=DEFAULT_GROUP%40%40nacos-config-client&encoding=UTF-8&namespaceId=public HTTP/1.1" 200 75 1 Nacos-Java-Client:v1.1.1
192.168.0.6 - - [23/Nov/2022:20:03:16 +0800] "GET /nacos/v1/cs/health HTTP/1.1" 200 2 4 Apache-HttpAsyncClient/4.1.3 (Java/1.8.0_251)
127.0.0.1 - - [23/Nov/2022:20:03:17 +0800] "POST /nacos/v1/cs/configs/listener HTTP/1.1" 200 - 29510 Java/1.8.0_251
