192.168.0.6 - - [23/Nov/2022:20:30:29 +0800] "GET /nacos/v1/cs/health HTTP/1.1" 200 2 1 Apache-HttpAsyncClient/4.1.3 (Java/1.8.0_251)
192.168.0.6 - - [23/Nov/2022:20:30:34 +0800] "GET /nacos/v1/cs/health HTTP/1.1" 200 2 1 Apache-HttpAsyncClient/4.1.3 (Java/1.8.0_251)
192.168.0.6 - - [23/Nov/2022:20:30:39 +0800] "GET /nacos/v1/cs/health HTTP/1.1" 200 2 1 Apache-HttpAsyncClient/4.1.3 (Java/1.8.0_251)
192.168.0.6 - - [23/Nov/2022:20:30:44 +0800] "GET /nacos/v1/cs/health HTTP/1.1" 200 2 1 Apache-HttpAsyncClient/4.1.3 (Java/1.8.0_251)
0:0:0:0:0:0:0:1 - - [23/Nov/2022:20:30:48 +0800] "GET /nacos/ HTTP/1.1" 304 - 3 Mozilla/5.0 (Windows NT 10.0; Win64; x64) AppleWebKit/537.36 (KHTML, like Gecko) Chrome/107.0.0.0 Safari/537.36
0:0:0:0:0:0:0:1 - - [23/Nov/2022:20:30:49 +0800] "GET /nacos/v1/console/namespaces?&accessToken=eyJhbGciOiJIUzI1NiJ9.eyJzdWIiOiJuYWNvcyIsImV4cCI6MTY2OTAyODg5Nn0.bGYjArEVqUEvqgmL9Jo0BKce9lytOMnzAN7Lv_WQJkI&namespaceId=1d3411dc-0249-4a15-866b-52377e0350f5 HTTP/1.1" 200 364 3 Mozilla/5.0 (Windows NT 10.0; Win64; x64) AppleWebKit/537.36 (KHTML, like Gecko) Chrome/107.0.0.0 Safari/537.36
0:0:0:0:0:0:0:1 - - [23/Nov/2022:20:30:49 +0800] "GET /nacos/v1/console/server/state?accessToken=eyJhbGciOiJIUzI1NiJ9.eyJzdWIiOiJuYWNvcyIsImV4cCI6MTY2OTAyODg5Nn0.bGYjArEVqUEvqgmL9Jo0BKce9lytOMnzAN7Lv_WQJkI HTTP/1.1" 200 82 2 Mozilla/5.0 (Windows NT 10.0; Win64; x64) AppleWebKit/537.36 (KHTML, like Gecko) Chrome/107.0.0.0 Safari/537.36
0:0:0:0:0:0:0:1 - - [23/Nov/2022:20:30:49 +0800] "GET /nacos/console-fe/public/icons/icon-font.woff2 HTTP/1.1" 404 177 5 Mozilla/5.0 (Windows NT 10.0; Win64; x64) AppleWebKit/537.36 (KHTML, like Gecko) Chrome/107.0.0.0 Safari/537.36
0:0:0:0:0:0:0:1 - - [23/Nov/2022:20:30:49 +0800] "GET /nacos/v1/cs/configs?dataId=&group=&appName=&config_tags=&pageNo=1&pageSize=10&tenant=1d3411dc-0249-4a15-866b-52377e0350f5&search=accurate&accessToken=eyJhbGciOiJIUzI1NiJ9.eyJzdWIiOiJuYWNvcyIsImV4cCI6MTY2OTAyODg5Nn0.bGYjArEVqUEvqgmL9Jo0BKce9lytOMnzAN7Lv_WQJkI HTTP/1.1" 200 677 2 Mozilla/5.0 (Windows NT 10.0; Win64; x64) AppleWebKit/537.36 (KHTML, like Gecko) Chrome/107.0.0.0 Safari/537.36
0:0:0:0:0:0:0:1 - - [23/Nov/2022:20:30:49 +0800] "GET /nacos/ HTTP/1.1" 304 - 3 Mozilla/5.0 (Windows NT 10.0; Win64; x64) AppleWebKit/537.36 (KHTML, like Gecko) Chrome/107.0.0.0 Safari/537.36
192.168.0.6 - - [23/Nov/2022:20:30:49 +0800] "GET /nacos/v1/cs/health HTTP/1.1" 200 2 2 Apache-HttpAsyncClient/4.1.3 (Java/1.8.0_251)
0:0:0:0:0:0:0:1 - - [23/Nov/2022:20:30:49 +0800] "GET /nacos/v1/console/namespaces?&accessToken=eyJhbGciOiJIUzI1NiJ9.eyJzdWIiOiJuYWNvcyIsImV4cCI6MTY2OTAyODg5Nn0.bGYjArEVqUEvqgmL9Jo0BKce9lytOMnzAN7Lv_WQJkI&namespaceId=1d3411dc-0249-4a15-866b-52377e0350f5 HTTP/1.1" 200 364 1 Mozilla/5.0 (Windows NT 10.0; Win64; x64) AppleWebKit/537.36 (KHTML, like Gecko) Chrome/107.0.0.0 Safari/537.36
0:0:0:0:0:0:0:1 - - [23/Nov/2022:20:30:49 +0800] "GET /nacos/v1/console/server/state?accessToken=eyJhbGciOiJIUzI1NiJ9.eyJzdWIiOiJuYWNvcyIsImV4cCI6MTY2OTAyODg5Nn0.bGYjArEVqUEvqgmL9Jo0BKce9lytOMnzAN7Lv_WQJkI HTTP/1.1" 200 82 1 Mozilla/5.0 (Windows NT 10.0; Win64; x64) AppleWebKit/537.36 (KHTML, like Gecko) Chrome/107.0.0.0 Safari/537.36
0:0:0:0:0:0:0:1 - - [23/Nov/2022:20:30:49 +0800] "GET /nacos/v1/cs/configs?dataId=&group=&appName=&config_tags=&pageNo=1&pageSize=10&tenant=1d3411dc-0249-4a15-866b-52377e0350f5&search=accurate&accessToken=eyJhbGciOiJIUzI1NiJ9.eyJzdWIiOiJuYWNvcyIsImV4cCI6MTY2OTAyODg5Nn0.bGYjArEVqUEvqgmL9Jo0BKce9lytOMnzAN7Lv_WQJkI HTTP/1.1" 200 677 2 Mozilla/5.0 (Windows NT 10.0; Win64; x64) AppleWebKit/537.36 (KHTML, like Gecko) Chrome/107.0.0.0 Safari/537.36
0:0:0:0:0:0:0:1 - - [23/Nov/2022:20:30:49 +0800] "GET /nacos/console-fe/public/icons/icon-font.woff2 HTTP/1.1" 404 177 4 Mozilla/5.0 (Windows NT 10.0; Win64; x64) AppleWebKit/537.36 (KHTML, like Gecko) Chrome/107.0.0.0 Safari/537.36
0:0:0:0:0:0:0:1 - - [23/Nov/2022:20:30:50 +0800] "GET /nacos/v1/cs/configs?dataId=&group=&appName=&config_tags=&pageNo=1&pageSize=10&tenant=de38accf-a1eb-46a0-8310-47ba7fe3ce42&search=accurate&accessToken=eyJhbGciOiJIUzI1NiJ9.eyJzdWIiOiJuYWNvcyIsImV4cCI6MTY2OTAyODg5Nn0.bGYjArEVqUEvqgmL9Jo0BKce9lytOMnzAN7Lv_WQJkI HTTP/1.1" 200 76 1 Mozilla/5.0 (Windows NT 10.0; Win64; x64) AppleWebKit/537.36 (KHTML, like Gecko) Chrome/107.0.0.0 Safari/537.36
192.168.0.6 - - [23/Nov/2022:20:30:54 +0800] "GET /nacos/v1/cs/health HTTP/1.1" 200 2 1 Apache-HttpAsyncClient/4.1.3 (Java/1.8.0_251)
0:0:0:0:0:0:0:1 - - [23/Nov/2022:20:30:58 +0800] "GET /nacos/v1/cs/configs?dataId=&group=&appName=&config_tags=&pageNo=1&pageSize=10&tenant=1d3411dc-0249-4a15-866b-52377e0350f5&search=accurate&accessToken=eyJhbGciOiJIUzI1NiJ9.eyJzdWIiOiJuYWNvcyIsImV4cCI6MTY2OTAyODg5Nn0.bGYjArEVqUEvqgmL9Jo0BKce9lytOMnzAN7Lv_WQJkI HTTP/1.1" 200 677 7 Mozilla/5.0 (Windows NT 10.0; Win64; x64) AppleWebKit/537.36 (KHTML, like Gecko) Chrome/107.0.0.0 Safari/537.36
192.168.0.6 - - [23/Nov/2022:20:30:59 +0800] "GET /nacos/v1/cs/health HTTP/1.1" 200 2 1 Apache-HttpAsyncClient/4.1.3 (Java/1.8.0_251)
0:0:0:0:0:0:0:1 - - [23/Nov/2022:20:31:03 +0800] "GET /nacos/v1/cs/history?search=accurate&dataId=nacos-order-dev.yaml&group=DEFAULT_GROUP&&pageNo=1&pageSize=10&tenant=1d3411dc-0249-4a15-866b-52377e0350f5&accessToken=eyJhbGciOiJIUzI1NiJ9.eyJzdWIiOiJuYWNvcyIsImV4cCI6MTY2OTAyODg5Nn0.bGYjArEVqUEvqgmL9Jo0BKce9lytOMnzAN7Lv_WQJkI&namespaceId=1d3411dc-0249-4a15-866b-52377e0350f5 HTTP/1.1" 200 398 33 Mozilla/5.0 (Windows NT 10.0; Win64; x64) AppleWebKit/537.36 (KHTML, like Gecko) Chrome/107.0.0.0 Safari/537.36
192.168.0.6 - - [23/Nov/2022:20:31:04 +0800] "GET /nacos/v1/cs/health HTTP/1.1" 200 2 1 Apache-HttpAsyncClient/4.1.3 (Java/1.8.0_251)
0:0:0:0:0:0:0:1 - - [23/Nov/2022:20:31:05 +0800] "GET /nacos/v1/cs/configs?dataId=&group=&appName=&config_tags=&pageNo=1&pageSize=10&tenant=1d3411dc-0249-4a15-866b-52377e0350f5&search=accurate&accessToken=eyJhbGciOiJIUzI1NiJ9.eyJzdWIiOiJuYWNvcyIsImV4cCI6MTY2OTAyODg5Nn0.bGYjArEVqUEvqgmL9Jo0BKce9lytOMnzAN7Lv_WQJkI HTTP/1.1" 200 677 3 Mozilla/5.0 (Windows NT 10.0; Win64; x64) AppleWebKit/537.36 (KHTML, like Gecko) Chrome/107.0.0.0 Safari/537.36
0:0:0:0:0:0:0:1 - - [23/Nov/2022:20:31:07 +0800] "GET /nacos/v1/cs/configs?dataId=&group=&appName=&config_tags=&pageNo=1&pageSize=10&tenant=&search=accurate&accessToken=eyJhbGciOiJIUzI1NiJ9.eyJzdWIiOiJuYWNvcyIsImV4cCI6MTY2OTAyODg5Nn0.bGYjArEVqUEvqgmL9Jo0BKce9lytOMnzAN7Lv_WQJkI HTTP/1.1" 200 904 2 Mozilla/5.0 (Windows NT 10.0; Win64; x64) AppleWebKit/537.36 (KHTML, like Gecko) Chrome/107.0.0.0 Safari/537.36
192.168.0.6 - - [23/Nov/2022:20:31:09 +0800] "GET /nacos/v1/cs/health HTTP/1.1" 200 2 1 Apache-HttpAsyncClient/4.1.3 (Java/1.8.0_251)
0:0:0:0:0:0:0:1 - - [23/Nov/2022:20:31:10 +0800] "GET /nacos/v1/cs/history?search=accurate&dataId=nacos-config-client-dev.yaml&group=DEFAULT_GROUP&&pageNo=1&pageSize=10&tenant=&accessToken=eyJhbGciOiJIUzI1NiJ9.eyJzdWIiOiJuYWNvcyIsImV4cCI6MTY2OTAyODg5Nn0.bGYjArEVqUEvqgmL9Jo0BKce9lytOMnzAN7Lv_WQJkI&namespaceId= HTTP/1.1" 200 664 3 Mozilla/5.0 (Windows NT 10.0; Win64; x64) AppleWebKit/537.36 (KHTML, like Gecko) Chrome/107.0.0.0 Safari/537.36
0:0:0:0:0:0:0:1 - - [23/Nov/2022:20:31:12 +0800] "GET /nacos/v1/cs/configs?dataId=&group=&appName=&config_tags=&pageNo=1&pageSize=10&tenant=&search=accurate&accessToken=eyJhbGciOiJIUzI1NiJ9.eyJzdWIiOiJuYWNvcyIsImV4cCI6MTY2OTAyODg5Nn0.bGYjArEVqUEvqgmL9Jo0BKce9lytOMnzAN7Lv_WQJkI HTTP/1.1" 200 904 2 Mozilla/5.0 (Windows NT 10.0; Win64; x64) AppleWebKit/537.36 (KHTML, like Gecko) Chrome/107.0.0.0 Safari/537.36
0:0:0:0:0:0:0:1 - - [23/Nov/2022:20:31:14 +0800] "GET /nacos/v1/cs/configs?dataId=&group=&appName=&config_tags=&pageNo=1&pageSize=10&tenant=1d3411dc-0249-4a15-866b-52377e0350f5&search=accurate&accessToken=eyJhbGciOiJIUzI1NiJ9.eyJzdWIiOiJuYWNvcyIsImV4cCI6MTY2OTAyODg5Nn0.bGYjArEVqUEvqgmL9Jo0BKce9lytOMnzAN7Lv_WQJkI HTTP/1.1" 200 677 2 Mozilla/5.0 (Windows NT 10.0; Win64; x64) AppleWebKit/537.36 (KHTML, like Gecko) Chrome/107.0.0.0 Safari/537.36
192.168.0.6 - - [23/Nov/2022:20:31:14 +0800] "GET /nacos/v1/cs/health HTTP/1.1" 200 2 1 Apache-HttpAsyncClient/4.1.3 (Java/1.8.0_251)
192.168.0.6 - - [23/Nov/2022:20:31:19 +0800] "GET /nacos/v1/cs/health HTTP/1.1" 200 2 2 Apache-HttpAsyncClient/4.1.3 (Java/1.8.0_251)
192.168.0.6 - - [23/Nov/2022:20:31:24 +0800] "GET /nacos/v1/cs/health HTTP/1.1" 200 2 1 Apache-HttpAsyncClient/4.1.3 (Java/1.8.0_251)
192.168.0.6 - - [23/Nov/2022:20:31:29 +0800] "GET /nacos/v1/cs/health HTTP/1.1" 200 2 2 Apache-HttpAsyncClient/4.1.3 (Java/1.8.0_251)
192.168.0.6 - - [23/Nov/2022:20:31:34 +0800] "GET /nacos/v1/cs/health HTTP/1.1" 200 2 1 Apache-HttpAsyncClient/4.1.3 (Java/1.8.0_251)
192.168.0.6 - - [23/Nov/2022:20:31:39 +0800] "GET /nacos/v1/cs/health HTTP/1.1" 200 2 1 Apache-HttpAsyncClient/4.1.3 (Java/1.8.0_251)
192.168.0.6 - - [23/Nov/2022:20:31:44 +0800] "GET /nacos/v1/cs/health HTTP/1.1" 200 2 1 Apache-HttpAsyncClient/4.1.3 (Java/1.8.0_251)
192.168.0.6 - - [23/Nov/2022:20:31:49 +0800] "GET /nacos/v1/cs/health HTTP/1.1" 200 2 2 Apache-HttpAsyncClient/4.1.3 (Java/1.8.0_251)
0:0:0:0:0:0:0:1 - - [23/Nov/2022:20:31:52 +0800] "GET /nacos/v1/cs/configs?dataId=nacos-order-dev.yaml&group=DEFAULT_GROUP&namespaceId=1d3411dc-0249-4a15-866b-52377e0350f5&tenant=1d3411dc-0249-4a15-866b-52377e0350f5&beta=true&accessToken=eyJhbGciOiJIUzI1NiJ9.eyJzdWIiOiJuYWNvcyIsImV4cCI6MTY2OTAyODg5Nn0.bGYjArEVqUEvqgmL9Jo0BKce9lytOMnzAN7Lv_WQJkI HTTP/1.1" 200 60 2 Mozilla/5.0 (Windows NT 10.0; Win64; x64) AppleWebKit/537.36 (KHTML, like Gecko) Chrome/107.0.0.0 Safari/537.36
0:0:0:0:0:0:0:1 - - [23/Nov/2022:20:31:52 +0800] "GET /nacos/v1/cs/configs?dataId=nacos-order-dev.yaml&group=DEFAULT_GROUP&namespaceId=1d3411dc-0249-4a15-866b-52377e0350f5&tenant=1d3411dc-0249-4a15-866b-52377e0350f5&show=all&accessToken=eyJhbGciOiJIUzI1NiJ9.eyJzdWIiOiJuYWNvcyIsImV4cCI6MTY2OTAyODg5Nn0.bGYjArEVqUEvqgmL9Jo0BKce9lytOMnzAN7Lv_WQJkI HTTP/1.1" 200 419 2 Mozilla/5.0 (Windows NT 10.0; Win64; x64) AppleWebKit/537.36 (KHTML, like Gecko) Chrome/107.0.0.0 Safari/537.36
192.168.0.6 - - [23/Nov/2022:20:31:54 +0800] "GET /nacos/v1/cs/health HTTP/1.1" 200 2 1 Apache-HttpAsyncClient/4.1.3 (Java/1.8.0_251)
192.168.0.6 - - [23/Nov/2022:20:31:59 +0800] "GET /nacos/v1/cs/health HTTP/1.1" 200 2 1 Apache-HttpAsyncClient/4.1.3 (Java/1.8.0_251)
0:0:0:0:0:0:0:1 - - [23/Nov/2022:20:32:00 +0800] "GET /nacos/v1/cs/configs?dataId=&group=&appName=&config_tags=&pageNo=1&pageSize=10&tenant=1d3411dc-0249-4a15-866b-52377e0350f5&search=accurate&accessToken=eyJhbGciOiJIUzI1NiJ9.eyJzdWIiOiJuYWNvcyIsImV4cCI6MTY2OTAyODg5Nn0.bGYjArEVqUEvqgmL9Jo0BKce9lytOMnzAN7Lv_WQJkI HTTP/1.1" 200 677 2 Mozilla/5.0 (Windows NT 10.0; Win64; x64) AppleWebKit/537.36 (KHTML, like Gecko) Chrome/107.0.0.0 Safari/537.36
192.168.0.6 - - [23/Nov/2022:20:32:04 +0800] "GET /nacos/v1/cs/health HTTP/1.1" 200 2 1 Apache-HttpAsyncClient/4.1.3 (Java/1.8.0_251)
192.168.0.6 - - [23/Nov/2022:20:32:09 +0800] "GET /nacos/v1/cs/health HTTP/1.1" 200 2 2 Apache-HttpAsyncClient/4.1.3 (Java/1.8.0_251)
192.168.0.6 - - [23/Nov/2022:20:32:14 +0800] "GET /nacos/v1/cs/health HTTP/1.1" 200 2 2 Apache-HttpAsyncClient/4.1.3 (Java/1.8.0_251)
0:0:0:0:0:0:0:1 - - [23/Nov/2022:20:32:19 +0800] "GET /nacos/ HTTP/1.1" 304 - 4 Mozilla/5.0 (Windows NT 10.0; Win64; x64) AppleWebKit/537.36 (KHTML, like Gecko) Chrome/107.0.0.0 Safari/537.36
0:0:0:0:0:0:0:1 - - [23/Nov/2022:20:32:19 +0800] "GET /nacos/v1/console/namespaces?&accessToken=eyJhbGciOiJIUzI1NiJ9.eyJzdWIiOiJuYWNvcyIsImV4cCI6MTY2OTAyODg5Nn0.bGYjArEVqUEvqgmL9Jo0BKce9lytOMnzAN7Lv_WQJkI&namespaceId=1d3411dc-0249-4a15-866b-52377e0350f5 HTTP/1.1" 200 364 3 Mozilla/5.0 (Windows NT 10.0; Win64; x64) AppleWebKit/537.36 (KHTML, like Gecko) Chrome/107.0.0.0 Safari/537.36
0:0:0:0:0:0:0:1 - - [23/Nov/2022:20:32:19 +0800] "GET /nacos/v1/console/server/state?accessToken=eyJhbGciOiJIUzI1NiJ9.eyJzdWIiOiJuYWNvcyIsImV4cCI6MTY2OTAyODg5Nn0.bGYjArEVqUEvqgmL9Jo0BKce9lytOMnzAN7Lv_WQJkI HTTP/1.1" 200 82 1 Mozilla/5.0 (Windows NT 10.0; Win64; x64) AppleWebKit/537.36 (KHTML, like Gecko) Chrome/107.0.0.0 Safari/537.36
0:0:0:0:0:0:0:1 - - [23/Nov/2022:20:32:19 +0800] "GET /nacos/console-fe/public/icons/icon-font.woff2 HTTP/1.1" 404 177 6 Mozilla/5.0 (Windows NT 10.0; Win64; x64) AppleWebKit/537.36 (KHTML, like Gecko) Chrome/107.0.0.0 Safari/537.36
0:0:0:0:0:0:0:1 - - [23/Nov/2022:20:32:19 +0800] "GET /nacos/v1/cs/configs?dataId=&group=&appName=&config_tags=&pageNo=1&pageSize=10&tenant=1d3411dc-0249-4a15-866b-52377e0350f5&search=accurate&accessToken=eyJhbGciOiJIUzI1NiJ9.eyJzdWIiOiJuYWNvcyIsImV4cCI6MTY2OTAyODg5Nn0.bGYjArEVqUEvqgmL9Jo0BKce9lytOMnzAN7Lv_WQJkI HTTP/1.1" 200 677 2 Mozilla/5.0 (Windows NT 10.0; Win64; x64) AppleWebKit/537.36 (KHTML, like Gecko) Chrome/107.0.0.0 Safari/537.36
192.168.0.6 - - [23/Nov/2022:20:32:19 +0800] "GET /nacos/v1/cs/health HTTP/1.1" 200 2 2 Apache-HttpAsyncClient/4.1.3 (Java/1.8.0_251)
192.168.0.6 - - [23/Nov/2022:20:32:25 +0800] "GET /nacos/v1/cs/health HTTP/1.1" 200 2 1 Apache-HttpAsyncClient/4.1.3 (Java/1.8.0_251)
127.0.0.1 - - [23/Nov/2022:20:32:28 +0800] "GET /nacos/v1/cs/configs?dataId=nacos-config-client.yaml&group=TEST_GROUP&tenant=1d3411dc-0249-4a15-866b-52377e0350f5 HTTP/1.1" 404 23 2 Java/1.8.0_251
127.0.0.1 - - [23/Nov/2022:20:32:28 +0800] "GET /nacos/v1/cs/configs?dataId=nacos-config-client-dev.yaml&group=TEST_GROUP&tenant=1d3411dc-0249-4a15-866b-52377e0350f5 HTTP/1.1" 404 23 1 Java/1.8.0_251
192.168.0.6 - - [23/Nov/2022:20:32:30 +0800] "GET /nacos/v1/cs/health HTTP/1.1" 200 2 1 Apache-HttpAsyncClient/4.1.3 (Java/1.8.0_251)
192.168.0.6 - - [23/Nov/2022:20:32:35 +0800] "GET /nacos/v1/cs/health HTTP/1.1" 200 2 1 Apache-HttpAsyncClient/4.1.3 (Java/1.8.0_251)
0:0:0:0:0:0:0:1 - - [23/Nov/2022:20:32:39 +0800] "GET /nacos/v1/cs/configs?dataId=nacos-order-dev.yaml&group=DEFAULT_GROUP&namespaceId=1d3411dc-0249-4a15-866b-52377e0350f5&tenant=1d3411dc-0249-4a15-866b-52377e0350f5&beta=true&accessToken=eyJhbGciOiJIUzI1NiJ9.eyJzdWIiOiJuYWNvcyIsImV4cCI6MTY2OTAyODg5Nn0.bGYjArEVqUEvqgmL9Jo0BKce9lytOMnzAN7Lv_WQJkI HTTP/1.1" 200 60 1 Mozilla/5.0 (Windows NT 10.0; Win64; x64) AppleWebKit/537.36 (KHTML, like Gecko) Chrome/107.0.0.0 Safari/537.36
0:0:0:0:0:0:0:1 - - [23/Nov/2022:20:32:39 +0800] "GET /nacos/v1/cs/configs?dataId=nacos-order-dev.yaml&group=DEFAULT_GROUP&namespaceId=1d3411dc-0249-4a15-866b-52377e0350f5&tenant=1d3411dc-0249-4a15-866b-52377e0350f5&show=all&accessToken=eyJhbGciOiJIUzI1NiJ9.eyJzdWIiOiJuYWNvcyIsImV4cCI6MTY2OTAyODg5Nn0.bGYjArEVqUEvqgmL9Jo0BKce9lytOMnzAN7Lv_WQJkI HTTP/1.1" 200 419 1 Mozilla/5.0 (Windows NT 10.0; Win64; x64) AppleWebKit/537.36 (KHTML, like Gecko) Chrome/107.0.0.0 Safari/537.36
192.168.0.6 - - [23/Nov/2022:20:32:40 +0800] "GET /nacos/v1/cs/health HTTP/1.1" 200 2 1 Apache-HttpAsyncClient/4.1.3 (Java/1.8.0_251)
0:0:0:0:0:0:0:1 - - [23/Nov/2022:20:32:43 +0800] "GET /nacos/v1/cs/configs?dataId=&group=&appName=&config_tags=&pageNo=1&pageSize=10&tenant=1d3411dc-0249-4a15-866b-52377e0350f5&search=accurate&accessToken=eyJhbGciOiJIUzI1NiJ9.eyJzdWIiOiJuYWNvcyIsImV4cCI6MTY2OTAyODg5Nn0.bGYjArEVqUEvqgmL9Jo0BKce9lytOMnzAN7Lv_WQJkI HTTP/1.1" 200 677 1 Mozilla/5.0 (Windows NT 10.0; Win64; x64) AppleWebKit/537.36 (KHTML, like Gecko) Chrome/107.0.0.0 Safari/537.36
0:0:0:0:0:0:0:1 - - [23/Nov/2022:20:32:44 +0800] "GET /nacos/v1/cs/configs?dataId=nacos-order-dev.yaml&group=DEV_GROUP&namespaceId=1d3411dc-0249-4a15-866b-52377e0350f5&tenant=1d3411dc-0249-4a15-866b-52377e0350f5&beta=true&accessToken=eyJhbGciOiJIUzI1NiJ9.eyJzdWIiOiJuYWNvcyIsImV4cCI6MTY2OTAyODg5Nn0.bGYjArEVqUEvqgmL9Jo0BKce9lytOMnzAN7Lv_WQJkI HTTP/1.1" 200 60 3 Mozilla/5.0 (Windows NT 10.0; Win64; x64) AppleWebKit/537.36 (KHTML, like Gecko) Chrome/107.0.0.0 Safari/537.36
0:0:0:0:0:0:0:1 - - [23/Nov/2022:20:32:44 +0800] "GET /nacos/v1/cs/configs?dataId=nacos-order-dev.yaml&group=DEV_GROUP&namespaceId=1d3411dc-0249-4a15-866b-52377e0350f5&tenant=1d3411dc-0249-4a15-866b-52377e0350f5&show=all&accessToken=eyJhbGciOiJIUzI1NiJ9.eyJzdWIiOiJuYWNvcyIsImV4cCI6MTY2OTAyODg5Nn0.bGYjArEVqUEvqgmL9Jo0BKce9lytOMnzAN7Lv_WQJkI HTTP/1.1" 200 414 1 Mozilla/5.0 (Windows NT 10.0; Win64; x64) AppleWebKit/537.36 (KHTML, like Gecko) Chrome/107.0.0.0 Safari/537.36
192.168.0.6 - - [23/Nov/2022:20:32:45 +0800] "GET /nacos/v1/cs/health HTTP/1.1" 200 2 1 Apache-HttpAsyncClient/4.1.3 (Java/1.8.0_251)
0:0:0:0:0:0:0:1 - - [23/Nov/2022:20:32:46 +0800] "GET /nacos/v1/cs/configs?dataId=&group=&appName=&config_tags=&pageNo=1&pageSize=10&tenant=1d3411dc-0249-4a15-866b-52377e0350f5&search=accurate&accessToken=eyJhbGciOiJIUzI1NiJ9.eyJzdWIiOiJuYWNvcyIsImV4cCI6MTY2OTAyODg5Nn0.bGYjArEVqUEvqgmL9Jo0BKce9lytOMnzAN7Lv_WQJkI HTTP/1.1" 200 677 2 Mozilla/5.0 (Windows NT 10.0; Win64; x64) AppleWebKit/537.36 (KHTML, like Gecko) Chrome/107.0.0.0 Safari/537.36
192.168.0.6 - - [23/Nov/2022:20:32:50 +0800] "GET /nacos/v1/cs/health HTTP/1.1" 200 2 2 Apache-HttpAsyncClient/4.1.3 (Java/1.8.0_251)
0:0:0:0:0:0:0:1 - - [23/Nov/2022:20:32:51 +0800] "GET /nacos/v1/cs/configs?dataId=nacos-order-dev.yaml&group=TEST_GROUP&namespaceId=1d3411dc-0249-4a15-866b-52377e0350f5&tenant=1d3411dc-0249-4a15-866b-52377e0350f5&beta=true&accessToken=eyJhbGciOiJIUzI1NiJ9.eyJzdWIiOiJuYWNvcyIsImV4cCI6MTY2OTAyODg5Nn0.bGYjArEVqUEvqgmL9Jo0BKce9lytOMnzAN7Lv_WQJkI HTTP/1.1" 200 60 1 Mozilla/5.0 (Windows NT 10.0; Win64; x64) AppleWebKit/537.36 (KHTML, like Gecko) Chrome/107.0.0.0 Safari/537.36
0:0:0:0:0:0:0:1 - - [23/Nov/2022:20:32:51 +0800] "GET /nacos/v1/cs/configs?dataId=nacos-order-dev.yaml&group=TEST_GROUP&namespaceId=1d3411dc-0249-4a15-866b-52377e0350f5&tenant=1d3411dc-0249-4a15-866b-52377e0350f5&show=all&accessToken=eyJhbGciOiJIUzI1NiJ9.eyJzdWIiOiJuYWNvcyIsImV4cCI6MTY2OTAyODg5Nn0.bGYjArEVqUEvqgmL9Jo0BKce9lytOMnzAN7Lv_WQJkI HTTP/1.1" 200 405 1 Mozilla/5.0 (Windows NT 10.0; Win64; x64) AppleWebKit/537.36 (KHTML, like Gecko) Chrome/107.0.0.0 Safari/537.36
192.168.0.6 - - [23/Nov/2022:20:32:55 +0800] "GET /nacos/v1/cs/health HTTP/1.1" 200 2 1 Apache-HttpAsyncClient/4.1.3 (Java/1.8.0_251)
0:0:0:0:0:0:0:1 - - [23/Nov/2022:20:32:56 +0800] "GET /nacos/v1/cs/configs?dataId=&group=&appName=&config_tags=&pageNo=1&pageSize=10&tenant=1d3411dc-0249-4a15-866b-52377e0350f5&search=accurate&accessToken=eyJhbGciOiJIUzI1NiJ9.eyJzdWIiOiJuYWNvcyIsImV4cCI6MTY2OTAyODg5Nn0.bGYjArEVqUEvqgmL9Jo0BKce9lytOMnzAN7Lv_WQJkI HTTP/1.1" 200 677 1 Mozilla/5.0 (Windows NT 10.0; Win64; x64) AppleWebKit/537.36 (KHTML, like Gecko) Chrome/107.0.0.0 Safari/537.36
192.168.0.6 - - [23/Nov/2022:20:33:00 +0800] "GET /nacos/v1/cs/health HTTP/1.1" 200 2 1 Apache-HttpAsyncClient/4.1.3 (Java/1.8.0_251)
192.168.0.6 - - [23/Nov/2022:20:33:05 +0800] "GET /nacos/v1/cs/health HTTP/1.1" 200 2 1 Apache-HttpAsyncClient/4.1.3 (Java/1.8.0_251)
192.168.0.6 - - [23/Nov/2022:20:33:10 +0800] "GET /nacos/v1/cs/health HTTP/1.1" 200 2 2 Apache-HttpAsyncClient/4.1.3 (Java/1.8.0_251)
192.168.0.6 - - [23/Nov/2022:20:33:15 +0800] "GET /nacos/v1/cs/health HTTP/1.1" 200 2 2 Apache-HttpAsyncClient/4.1.3 (Java/1.8.0_251)
192.168.0.6 - - [23/Nov/2022:20:33:20 +0800] "GET /nacos/v1/cs/health HTTP/1.1" 200 2 3 Apache-HttpAsyncClient/4.1.3 (Java/1.8.0_251)
192.168.0.6 - - [23/Nov/2022:20:33:25 +0800] "GET /nacos/v1/cs/health HTTP/1.1" 200 2 1 Apache-HttpAsyncClient/4.1.3 (Java/1.8.0_251)
192.168.0.6 - - [23/Nov/2022:20:33:30 +0800] "GET /nacos/v1/cs/health HTTP/1.1" 200 2 3 Apache-HttpAsyncClient/4.1.3 (Java/1.8.0_251)
192.168.0.6 - - [23/Nov/2022:20:33:35 +0800] "GET /nacos/v1/cs/health HTTP/1.1" 200 2 1 Apache-HttpAsyncClient/4.1.3 (Java/1.8.0_251)
192.168.0.6 - - [23/Nov/2022:20:33:40 +0800] "GET /nacos/v1/cs/health HTTP/1.1" 200 2 2 Apache-HttpAsyncClient/4.1.3 (Java/1.8.0_251)
192.168.0.6 - - [23/Nov/2022:20:33:45 +0800] "GET /nacos/v1/cs/health HTTP/1.1" 200 2 2 Apache-HttpAsyncClient/4.1.3 (Java/1.8.0_251)
192.168.0.6 - - [23/Nov/2022:20:33:50 +0800] "GET /nacos/v1/cs/health HTTP/1.1" 200 2 2 Apache-HttpAsyncClient/4.1.3 (Java/1.8.0_251)
192.168.0.6 - - [23/Nov/2022:20:33:55 +0800] "GET /nacos/v1/cs/health HTTP/1.1" 200 2 1 Apache-HttpAsyncClient/4.1.3 (Java/1.8.0_251)
192.168.0.6 - - [23/Nov/2022:20:34:00 +0800] "GET /nacos/v1/cs/health HTTP/1.1" 200 2 1 Apache-HttpAsyncClient/4.1.3 (Java/1.8.0_251)
192.168.0.6 - - [23/Nov/2022:20:34:05 +0800] "GET /nacos/v1/cs/health HTTP/1.1" 200 2 1 Apache-HttpAsyncClient/4.1.3 (Java/1.8.0_251)
192.168.0.6 - - [23/Nov/2022:20:34:10 +0800] "GET /nacos/v1/cs/health HTTP/1.1" 200 2 2 Apache-HttpAsyncClient/4.1.3 (Java/1.8.0_251)
192.168.0.6 - - [23/Nov/2022:20:34:15 +0800] "GET /nacos/v1/cs/health HTTP/1.1" 200 2 1 Apache-HttpAsyncClient/4.1.3 (Java/1.8.0_251)
192.168.0.6 - - [23/Nov/2022:20:34:20 +0800] "GET /nacos/v1/cs/health HTTP/1.1" 200 2 2 Apache-HttpAsyncClient/4.1.3 (Java/1.8.0_251)
127.0.0.1 - - [23/Nov/2022:20:34:22 +0800] "GET /nacos/v1/cs/configs?dataId=nacos-order.yaml&group=TEST_GROUP&tenant=1d3411dc-0249-4a15-866b-52377e0350f5 HTTP/1.1" 404 23 1 Java/1.8.0_251
127.0.0.1 - - [23/Nov/2022:20:34:22 +0800] "GET /nacos/v1/cs/configs?dataId=nacos-order-dev.yaml&group=TEST_GROUP&tenant=1d3411dc-0249-4a15-866b-52377e0350f5 HTTP/1.1" 200 35 1 Java/1.8.0_251
127.0.0.1 - - [23/Nov/2022:20:34:24 +0800] "PUT /nacos/v1/ns/instance/beat?beat=%7B%22cluster%22%3A%22DEFAULT%22%2C%22ip%22%3A%22192.168.0.6%22%2C%22metadata%22%3A%7B%22preserved.register.source%22%3A%22SPRING_CLOUD%22%7D%2C%22period%22%3A5000%2C%22port%22%3A3377%2C%22scheduled%22%3Afalse%2C%22serviceName%22%3A%22DEFAULT_GROUP%40%40nacos-order%22%2C%22stopped%22%3Afalse%2C%22weight%22%3A1.0%7D&serviceName=DEFAULT_GROUP%40%40nacos-order&encoding=UTF-8&namespaceId=public HTTP/1.1" 200 75 2 Nacos-Java-Client:v1.1.1
127.0.0.1 - - [23/Nov/2022:20:34:24 +0800] "POST /nacos/v1/ns/instance?groupName=DEFAULT_GROUP&metadata=%7B%22preserved.register.source%22%3A%22SPRING_CLOUD%22%7D&namespaceId=public&port=3377&enable=true&healthy=true&clusterName=DEFAULT&ip=192.168.0.6&weight=1.0&ephemeral=true&serviceName=DEFAULT_GROUP%40%40nacos-order&encoding=UTF-8 HTTP/1.1" 200 2 2 Nacos-Java-Client:v1.1.1
127.0.0.1 - - [23/Nov/2022:20:34:24 +0800] "POST /nacos/v1/cs/configs/listener HTTP/1.1" 200 - 1 Java/1.8.0_251
192.168.0.6 - - [23/Nov/2022:20:34:25 +0800] "GET /nacos/v1/cs/health HTTP/1.1" 200 2 1 Apache-HttpAsyncClient/4.1.3 (Java/1.8.0_251)
127.0.0.1 - - [23/Nov/2022:20:34:29 +0800] "PUT /nacos/v1/ns/instance/beat?beat=%7B%22cluster%22%3A%22DEFAULT%22%2C%22ip%22%3A%22192.168.0.6%22%2C%22metadata%22%3A%7B%22preserved.register.source%22%3A%22SPRING_CLOUD%22%7D%2C%22period%22%3A5000%2C%22port%22%3A3377%2C%22scheduled%22%3Afalse%2C%22serviceName%22%3A%22DEFAULT_GROUP%40%40nacos-order%22%2C%22stopped%22%3Afalse%2C%22weight%22%3A1.0%7D&serviceName=DEFAULT_GROUP%40%40nacos-order&encoding=UTF-8&namespaceId=public HTTP/1.1" 200 75 1 Nacos-Java-Client:v1.1.1
192.168.0.6 - - [23/Nov/2022:20:34:30 +0800] "GET /nacos/v1/cs/health HTTP/1.1" 200 2 1 Apache-HttpAsyncClient/4.1.3 (Java/1.8.0_251)
127.0.0.1 - - [23/Nov/2022:20:34:34 +0800] "PUT /nacos/v1/ns/instance/beat?beat=%7B%22cluster%22%3A%22DEFAULT%22%2C%22ip%22%3A%22192.168.0.6%22%2C%22metadata%22%3A%7B%22preserved.register.source%22%3A%22SPRING_CLOUD%22%7D%2C%22period%22%3A5000%2C%22port%22%3A3377%2C%22scheduled%22%3Afalse%2C%22serviceName%22%3A%22DEFAULT_GROUP%40%40nacos-order%22%2C%22stopped%22%3Afalse%2C%22weight%22%3A1.0%7D&serviceName=DEFAULT_GROUP%40%40nacos-order&encoding=UTF-8&namespaceId=public HTTP/1.1" 200 75 1 Nacos-Java-Client:v1.1.1
192.168.0.6 - - [23/Nov/2022:20:34:35 +0800] "GET /nacos/v1/cs/health HTTP/1.1" 200 2 1 Apache-HttpAsyncClient/4.1.3 (Java/1.8.0_251)
127.0.0.1 - - [23/Nov/2022:20:34:39 +0800] "PUT /nacos/v1/ns/instance/beat?beat=%7B%22cluster%22%3A%22DEFAULT%22%2C%22ip%22%3A%22192.168.0.6%22%2C%22metadata%22%3A%7B%22preserved.register.source%22%3A%22SPRING_CLOUD%22%7D%2C%22period%22%3A5000%2C%22port%22%3A3377%2C%22scheduled%22%3Afalse%2C%22serviceName%22%3A%22DEFAULT_GROUP%40%40nacos-order%22%2C%22stopped%22%3Afalse%2C%22weight%22%3A1.0%7D&serviceName=DEFAULT_GROUP%40%40nacos-order&encoding=UTF-8&namespaceId=public HTTP/1.1" 200 75 1 Nacos-Java-Client:v1.1.1
127.0.0.1 - - [23/Nov/2022:20:34:39 +0800] "DELETE /nacos/v1/ns/instance?namespaceId=public&port=3377&clusterName=DEFAULT&ip=192.168.0.6&ephemeral=true&serviceName=DEFAULT_GROUP%40%40nacos-order&encoding=UTF-8 HTTP/1.1" 200 2 1 Nacos-Java-Client:v1.1.1
192.168.0.6 - - [23/Nov/2022:20:34:40 +0800] "GET /nacos/v1/cs/health HTTP/1.1" 200 2 1 Apache-HttpAsyncClient/4.1.3 (Java/1.8.0_251)
127.0.0.1 - - [23/Nov/2022:20:34:43 +0800] "GET /nacos/v1/cs/configs?dataId=nacos-order.yaml&group=DEV_GROUP&tenant=1d3411dc-0249-4a15-866b-52377e0350f5 HTTP/1.1" 404 23 1 Java/1.8.0_251
127.0.0.1 - - [23/Nov/2022:20:34:43 +0800] "GET /nacos/v1/cs/configs?dataId=nacos-order-dev.yaml&group=DEV_GROUP&tenant=1d3411dc-0249-4a15-866b-52377e0350f5 HTTP/1.1" 200 50 3 Java/1.8.0_251
192.168.0.6 - - [23/Nov/2022:20:34:45 +0800] "GET /nacos/v1/cs/health HTTP/1.1" 200 2 1 Apache-HttpAsyncClient/4.1.3 (Java/1.8.0_251)
127.0.0.1 - - [23/Nov/2022:20:34:45 +0800] "PUT /nacos/v1/ns/instance/beat?beat=%7B%22cluster%22%3A%22DEFAULT%22%2C%22ip%22%3A%22192.168.0.6%22%2C%22metadata%22%3A%7B%22preserved.register.source%22%3A%22SPRING_CLOUD%22%7D%2C%22period%22%3A5000%2C%22port%22%3A3377%2C%22scheduled%22%3Afalse%2C%22serviceName%22%3A%22DEFAULT_GROUP%40%40nacos-order%22%2C%22stopped%22%3Afalse%2C%22weight%22%3A1.0%7D&serviceName=DEFAULT_GROUP%40%40nacos-order&encoding=UTF-8&namespaceId=public HTTP/1.1" 200 75 1 Nacos-Java-Client:v1.1.1
127.0.0.1 - - [23/Nov/2022:20:34:45 +0800] "POST /nacos/v1/ns/instance?groupName=DEFAULT_GROUP&metadata=%7B%22preserved.register.source%22%3A%22SPRING_CLOUD%22%7D&namespaceId=public&port=3377&enable=true&healthy=true&clusterName=DEFAULT&ip=192.168.0.6&weight=1.0&ephemeral=true&serviceName=DEFAULT_GROUP%40%40nacos-order&encoding=UTF-8 HTTP/1.1" 200 2 1 Nacos-Java-Client:v1.1.1
127.0.0.1 - - [23/Nov/2022:20:34:45 +0800] "POST /nacos/v1/cs/configs/listener HTTP/1.1" 200 - 0 Java/1.8.0_251
192.168.0.6 - - [23/Nov/2022:20:34:50 +0800] "GET /nacos/v1/cs/health HTTP/1.1" 200 2 2 Apache-HttpAsyncClient/4.1.3 (Java/1.8.0_251)
127.0.0.1 - - [23/Nov/2022:20:34:50 +0800] "PUT /nacos/v1/ns/instance/beat?beat=%7B%22cluster%22%3A%22DEFAULT%22%2C%22ip%22%3A%22192.168.0.6%22%2C%22metadata%22%3A%7B%22preserved.register.source%22%3A%22SPRING_CLOUD%22%7D%2C%22period%22%3A5000%2C%22port%22%3A3377%2C%22scheduled%22%3Afalse%2C%22serviceName%22%3A%22DEFAULT_GROUP%40%40nacos-order%22%2C%22stopped%22%3Afalse%2C%22weight%22%3A1.0%7D&serviceName=DEFAULT_GROUP%40%40nacos-order&encoding=UTF-8&namespaceId=public HTTP/1.1" 200 75 1 Nacos-Java-Client:v1.1.1
127.0.0.1 - - [23/Nov/2022:20:34:54 +0800] "POST /nacos/v1/cs/configs/listener HTTP/1.1" 500 - 29516 Java/1.8.0_251
192.168.0.6 - - [23/Nov/2022:20:34:55 +0800] "GET /nacos/v1/cs/health HTTP/1.1" 200 2 2 Apache-HttpAsyncClient/4.1.3 (Java/1.8.0_251)
127.0.0.1 - - [23/Nov/2022:20:34:55 +0800] "PUT /nacos/v1/ns/instance/beat?beat=%7B%22cluster%22%3A%22DEFAULT%22%2C%22ip%22%3A%22192.168.0.6%22%2C%22metadata%22%3A%7B%22preserved.register.source%22%3A%22SPRING_CLOUD%22%7D%2C%22period%22%3A5000%2C%22port%22%3A3377%2C%22scheduled%22%3Afalse%2C%22serviceName%22%3A%22DEFAULT_GROUP%40%40nacos-order%22%2C%22stopped%22%3Afalse%2C%22weight%22%3A1.0%7D&serviceName=DEFAULT_GROUP%40%40nacos-order&encoding=UTF-8&namespaceId=public HTTP/1.1" 200 75 2 Nacos-Java-Client:v1.1.1
192.168.0.6 - - [23/Nov/2022:20:35:00 +0800] "GET /nacos/v1/cs/health HTTP/1.1" 200 2 1 Apache-HttpAsyncClient/4.1.3 (Java/1.8.0_251)
127.0.0.1 - - [23/Nov/2022:20:35:00 +0800] "PUT /nacos/v1/ns/instance/beat?beat=%7B%22cluster%22%3A%22DEFAULT%22%2C%22ip%22%3A%22192.168.0.6%22%2C%22metadata%22%3A%7B%22preserved.register.source%22%3A%22SPRING_CLOUD%22%7D%2C%22period%22%3A5000%2C%22port%22%3A3377%2C%22scheduled%22%3Afalse%2C%22serviceName%22%3A%22DEFAULT_GROUP%40%40nacos-order%22%2C%22stopped%22%3Afalse%2C%22weight%22%3A1.0%7D&serviceName=DEFAULT_GROUP%40%40nacos-order&encoding=UTF-8&namespaceId=public HTTP/1.1" 200 75 1 Nacos-Java-Client:v1.1.1
127.0.0.1 - - [23/Nov/2022:20:35:02 +0800] "DELETE /nacos/v1/ns/instance?namespaceId=public&port=3377&clusterName=DEFAULT&ip=192.168.0.6&ephemeral=true&serviceName=DEFAULT_GROUP%40%40nacos-order&encoding=UTF-8 HTTP/1.1" 200 2 2 Nacos-Java-Client:v1.1.1
192.168.0.6 - - [23/Nov/2022:20:35:05 +0800] "GET /nacos/v1/cs/health HTTP/1.1" 200 2 1 Apache-HttpAsyncClient/4.1.3 (Java/1.8.0_251)
127.0.0.1 - - [23/Nov/2022:20:35:05 +0800] "GET /nacos/v1/cs/configs?dataId=nacos-order.yaml&group=DEFAULT_GROUP&tenant=1d3411dc-0249-4a15-866b-52377e0350f5 HTTP/1.1" 404 23 2 Java/1.8.0_251
127.0.0.1 - - [23/Nov/2022:20:35:05 +0800] "GET /nacos/v1/cs/configs?dataId=nacos-order-dev.yaml&group=DEFAULT_GROUP&tenant=1d3411dc-0249-4a15-866b-52377e0350f5 HTTP/1.1" 200 51 1 Java/1.8.0_251
127.0.0.1 - - [23/Nov/2022:20:35:07 +0800] "PUT /nacos/v1/ns/instance/beat?beat=%7B%22cluster%22%3A%22DEFAULT%22%2C%22ip%22%3A%22192.168.0.6%22%2C%22metadata%22%3A%7B%22preserved.register.source%22%3A%22SPRING_CLOUD%22%7D%2C%22period%22%3A5000%2C%22port%22%3A3377%2C%22scheduled%22%3Afalse%2C%22serviceName%22%3A%22DEFAULT_GROUP%40%40nacos-order%22%2C%22stopped%22%3Afalse%2C%22weight%22%3A1.0%7D&serviceName=DEFAULT_GROUP%40%40nacos-order&encoding=UTF-8&namespaceId=public HTTP/1.1" 200 75 1 Nacos-Java-Client:v1.1.1
127.0.0.1 - - [23/Nov/2022:20:35:07 +0800] "POST /nacos/v1/ns/instance?groupName=DEFAULT_GROUP&metadata=%7B%22preserved.register.source%22%3A%22SPRING_CLOUD%22%7D&namespaceId=public&port=3377&enable=true&healthy=true&clusterName=DEFAULT&ip=192.168.0.6&weight=1.0&ephemeral=true&serviceName=DEFAULT_GROUP%40%40nacos-order&encoding=UTF-8 HTTP/1.1" 200 2 1 Nacos-Java-Client:v1.1.1
127.0.0.1 - - [23/Nov/2022:20:35:08 +0800] "POST /nacos/v1/cs/configs/listener HTTP/1.1" 200 - 2 Java/1.8.0_251
192.168.0.6 - - [23/Nov/2022:20:35:10 +0800] "GET /nacos/v1/cs/health HTTP/1.1" 200 2 1 Apache-HttpAsyncClient/4.1.3 (Java/1.8.0_251)
127.0.0.1 - - [23/Nov/2022:20:35:12 +0800] "PUT /nacos/v1/ns/instance/beat?beat=%7B%22cluster%22%3A%22DEFAULT%22%2C%22ip%22%3A%22192.168.0.6%22%2C%22metadata%22%3A%7B%22preserved.register.source%22%3A%22SPRING_CLOUD%22%7D%2C%22period%22%3A5000%2C%22port%22%3A3377%2C%22scheduled%22%3Afalse%2C%22serviceName%22%3A%22DEFAULT_GROUP%40%40nacos-order%22%2C%22stopped%22%3Afalse%2C%22weight%22%3A1.0%7D&serviceName=DEFAULT_GROUP%40%40nacos-order&encoding=UTF-8&namespaceId=public HTTP/1.1" 200 75 1 Nacos-Java-Client:v1.1.1
192.168.0.6 - - [23/Nov/2022:20:35:15 +0800] "GET /nacos/v1/cs/health HTTP/1.1" 200 2 2 Apache-HttpAsyncClient/4.1.3 (Java/1.8.0_251)
127.0.0.1 - - [23/Nov/2022:20:35:15 +0800] "POST /nacos/v1/cs/configs/listener HTTP/1.1" 500 - 29516 Java/1.8.0_251
127.0.0.1 - - [23/Nov/2022:20:35:17 +0800] "PUT /nacos/v1/ns/instance/beat?beat=%7B%22cluster%22%3A%22DEFAULT%22%2C%22ip%22%3A%22192.168.0.6%22%2C%22metadata%22%3A%7B%22preserved.register.source%22%3A%22SPRING_CLOUD%22%7D%2C%22period%22%3A5000%2C%22port%22%3A3377%2C%22scheduled%22%3Afalse%2C%22serviceName%22%3A%22DEFAULT_GROUP%40%40nacos-order%22%2C%22stopped%22%3Afalse%2C%22weight%22%3A1.0%7D&serviceName=DEFAULT_GROUP%40%40nacos-order&encoding=UTF-8&namespaceId=public HTTP/1.1" 200 75 1 Nacos-Java-Client:v1.1.1
192.168.0.6 - - [23/Nov/2022:20:35:20 +0800] "GET /nacos/v1/cs/health HTTP/1.1" 200 2 2 Apache-HttpAsyncClient/4.1.3 (Java/1.8.0_251)
127.0.0.1 - - [23/Nov/2022:20:35:22 +0800] "PUT /nacos/v1/ns/instance/beat?beat=%7B%22cluster%22%3A%22DEFAULT%22%2C%22ip%22%3A%22192.168.0.6%22%2C%22metadata%22%3A%7B%22preserved.register.source%22%3A%22SPRING_CLOUD%22%7D%2C%22period%22%3A5000%2C%22port%22%3A3377%2C%22scheduled%22%3Afalse%2C%22serviceName%22%3A%22DEFAULT_GROUP%40%40nacos-order%22%2C%22stopped%22%3Afalse%2C%22weight%22%3A1.0%7D&serviceName=DEFAULT_GROUP%40%40nacos-order&encoding=UTF-8&namespaceId=public HTTP/1.1" 200 75 1 Nacos-Java-Client:v1.1.1
192.168.0.6 - - [23/Nov/2022:20:35:25 +0800] "GET /nacos/v1/cs/health HTTP/1.1" 200 2 1 Apache-HttpAsyncClient/4.1.3 (Java/1.8.0_251)
127.0.0.1 - - [23/Nov/2022:20:35:27 +0800] "PUT /nacos/v1/ns/instance/beat?beat=%7B%22cluster%22%3A%22DEFAULT%22%2C%22ip%22%3A%22192.168.0.6%22%2C%22metadata%22%3A%7B%22preserved.register.source%22%3A%22SPRING_CLOUD%22%7D%2C%22period%22%3A5000%2C%22port%22%3A3377%2C%22scheduled%22%3Afalse%2C%22serviceName%22%3A%22DEFAULT_GROUP%40%40nacos-order%22%2C%22stopped%22%3Afalse%2C%22weight%22%3A1.0%7D&serviceName=DEFAULT_GROUP%40%40nacos-order&encoding=UTF-8&namespaceId=public HTTP/1.1" 200 75 2 Nacos-Java-Client:v1.1.1
192.168.0.6 - - [23/Nov/2022:20:35:30 +0800] "GET /nacos/v1/cs/health HTTP/1.1" 200 2 3 Apache-HttpAsyncClient/4.1.3 (Java/1.8.0_251)
127.0.0.1 - - [23/Nov/2022:20:35:32 +0800] "PUT /nacos/v1/ns/instance/beat?beat=%7B%22cluster%22%3A%22DEFAULT%22%2C%22ip%22%3A%22192.168.0.6%22%2C%22metadata%22%3A%7B%22preserved.register.source%22%3A%22SPRING_CLOUD%22%7D%2C%22period%22%3A5000%2C%22port%22%3A3377%2C%22scheduled%22%3Afalse%2C%22serviceName%22%3A%22DEFAULT_GROUP%40%40nacos-order%22%2C%22stopped%22%3Afalse%2C%22weight%22%3A1.0%7D&serviceName=DEFAULT_GROUP%40%40nacos-order&encoding=UTF-8&namespaceId=public HTTP/1.1" 200 75 1 Nacos-Java-Client:v1.1.1
192.168.0.6 - - [23/Nov/2022:20:35:35 +0800] "GET /nacos/v1/cs/health HTTP/1.1" 200 2 1 Apache-HttpAsyncClient/4.1.3 (Java/1.8.0_251)
127.0.0.1 - - [23/Nov/2022:20:35:36 +0800] "DELETE /nacos/v1/ns/instance?namespaceId=public&port=3377&clusterName=DEFAULT&ip=192.168.0.6&ephemeral=true&serviceName=DEFAULT_GROUP%40%40nacos-order&encoding=UTF-8 HTTP/1.1" 200 2 2 Nacos-Java-Client:v1.1.1
127.0.0.1 - - [23/Nov/2022:20:35:38 +0800] "POST /nacos/v1/cs/configs/listener HTTP/1.1" 500 - 29511 Java/1.8.0_251
127.0.0.1 - - [23/Nov/2022:20:35:39 +0800] "GET /nacos/v1/cs/configs?dataId=nacos-config-client.yaml&group=TEST_GROUP HTTP/1.1" 404 23 2 Java/1.8.0_251
127.0.0.1 - - [23/Nov/2022:20:35:39 +0800] "GET /nacos/v1/cs/configs?dataId=nacos-config-client-dev.yaml&group=TEST_GROUP HTTP/1.1" 404 23 1 Java/1.8.0_251
192.168.0.6 - - [23/Nov/2022:20:35:40 +0800] "GET /nacos/v1/cs/health HTTP/1.1" 200 2 1 Apache-HttpAsyncClient/4.1.3 (Java/1.8.0_251)
192.168.0.6 - - [23/Nov/2022:20:35:45 +0800] "GET /nacos/v1/cs/health HTTP/1.1" 200 2 2 Apache-HttpAsyncClient/4.1.3 (Java/1.8.0_251)
192.168.0.6 - - [23/Nov/2022:20:35:50 +0800] "GET /nacos/v1/cs/health HTTP/1.1" 200 2 2 Apache-HttpAsyncClient/4.1.3 (Java/1.8.0_251)
192.168.0.6 - - [23/Nov/2022:20:35:55 +0800] "GET /nacos/v1/cs/health HTTP/1.1" 200 2 1 Apache-HttpAsyncClient/4.1.3 (Java/1.8.0_251)
192.168.0.6 - - [23/Nov/2022:20:36:00 +0800] "GET /nacos/v1/cs/health HTTP/1.1" 200 2 2 Apache-HttpAsyncClient/4.1.3 (Java/1.8.0_251)
192.168.0.6 - - [23/Nov/2022:20:36:05 +0800] "GET /nacos/v1/cs/health HTTP/1.1" 200 2 2 Apache-HttpAsyncClient/4.1.3 (Java/1.8.0_251)
0:0:0:0:0:0:0:1 - - [23/Nov/2022:20:36:06 +0800] "GET /nacos/v1/cs/configs?dataId=nacos-order-dev.yaml&group=DEFAULT_GROUP&namespaceId=1d3411dc-0249-4a15-866b-52377e0350f5&tenant=1d3411dc-0249-4a15-866b-52377e0350f5&beta=true&accessToken=eyJhbGciOiJIUzI1NiJ9.eyJzdWIiOiJuYWNvcyIsImV4cCI6MTY2OTAyODg5Nn0.bGYjArEVqUEvqgmL9Jo0BKce9lytOMnzAN7Lv_WQJkI HTTP/1.1" 200 60 1 Mozilla/5.0 (Windows NT 10.0; Win64; x64) AppleWebKit/537.36 (KHTML, like Gecko) Chrome/107.0.0.0 Safari/537.36
0:0:0:0:0:0:0:1 - - [23/Nov/2022:20:36:06 +0800] "GET /nacos/v1/cs/configs?dataId=nacos-order-dev.yaml&group=DEFAULT_GROUP&namespaceId=1d3411dc-0249-4a15-866b-52377e0350f5&tenant=1d3411dc-0249-4a15-866b-52377e0350f5&show=all&accessToken=eyJhbGciOiJIUzI1NiJ9.eyJzdWIiOiJuYWNvcyIsImV4cCI6MTY2OTAyODg5Nn0.bGYjArEVqUEvqgmL9Jo0BKce9lytOMnzAN7Lv_WQJkI HTTP/1.1" 200 419 1 Mozilla/5.0 (Windows NT 10.0; Win64; x64) AppleWebKit/537.36 (KHTML, like Gecko) Chrome/107.0.0.0 Safari/537.36
0:0:0:0:0:0:0:1 - - [23/Nov/2022:20:36:07 +0800] "GET /nacos/v1/cs/configs?dataId=&group=&appName=&config_tags=&pageNo=1&pageSize=10&tenant=1d3411dc-0249-4a15-866b-52377e0350f5&search=accurate&accessToken=eyJhbGciOiJIUzI1NiJ9.eyJzdWIiOiJuYWNvcyIsImV4cCI6MTY2OTAyODg5Nn0.bGYjArEVqUEvqgmL9Jo0BKce9lytOMnzAN7Lv_WQJkI HTTP/1.1" 200 677 1 Mozilla/5.0 (Windows NT 10.0; Win64; x64) AppleWebKit/537.36 (KHTML, like Gecko) Chrome/107.0.0.0 Safari/537.36
0:0:0:0:0:0:0:1 - - [23/Nov/2022:20:36:08 +0800] "GET /nacos/v1/cs/configs?dataId=nacos-order-dev.yaml&group=TEST_GROUP&namespaceId=1d3411dc-0249-4a15-866b-52377e0350f5&tenant=1d3411dc-0249-4a15-866b-52377e0350f5&beta=true&accessToken=eyJhbGciOiJIUzI1NiJ9.eyJzdWIiOiJuYWNvcyIsImV4cCI6MTY2OTAyODg5Nn0.bGYjArEVqUEvqgmL9Jo0BKce9lytOMnzAN7Lv_WQJkI HTTP/1.1" 200 60 2 Mozilla/5.0 (Windows NT 10.0; Win64; x64) AppleWebKit/537.36 (KHTML, like Gecko) Chrome/107.0.0.0 Safari/537.36
0:0:0:0:0:0:0:1 - - [23/Nov/2022:20:36:08 +0800] "GET /nacos/v1/cs/configs?dataId=nacos-order-dev.yaml&group=TEST_GROUP&namespaceId=1d3411dc-0249-4a15-866b-52377e0350f5&tenant=1d3411dc-0249-4a15-866b-52377e0350f5&show=all&accessToken=eyJhbGciOiJIUzI1NiJ9.eyJzdWIiOiJuYWNvcyIsImV4cCI6MTY2OTAyODg5Nn0.bGYjArEVqUEvqgmL9Jo0BKce9lytOMnzAN7Lv_WQJkI HTTP/1.1" 200 405 1 Mozilla/5.0 (Windows NT 10.0; Win64; x64) AppleWebKit/537.36 (KHTML, like Gecko) Chrome/107.0.0.0 Safari/537.36
192.168.0.6 - - [23/Nov/2022:20:36:10 +0800] "GET /nacos/v1/cs/health HTTP/1.1" 200 2 1 Apache-HttpAsyncClient/4.1.3 (Java/1.8.0_251)
192.168.0.6 - - [23/Nov/2022:20:36:15 +0800] "GET /nacos/v1/cs/health HTTP/1.1" 200 2 1 Apache-HttpAsyncClient/4.1.3 (Java/1.8.0_251)
192.168.0.6 - - [23/Nov/2022:20:36:20 +0800] "GET /nacos/v1/cs/health HTTP/1.1" 200 2 2 Apache-HttpAsyncClient/4.1.3 (Java/1.8.0_251)
0:0:0:0:0:0:0:1 - - [23/Nov/2022:20:36:25 +0800] "POST /nacos/v1/cs/configs?accessToken=eyJhbGciOiJIUzI1NiJ9.eyJzdWIiOiJuYWNvcyIsImV4cCI6MTY2OTAyODg5Nn0.bGYjArEVqUEvqgmL9Jo0BKce9lytOMnzAN7Lv_WQJkI HTTP/1.1" 200 14 20 Mozilla/5.0 (Windows NT 10.0; Win64; x64) AppleWebKit/537.36 (KHTML, like Gecko) Chrome/107.0.0.0 Safari/537.36
192.168.0.6 - - [23/Nov/2022:20:36:25 +0800] "GET /nacos/v1/cs/communication/dataChange?dataId=nacos-order-dev.yaml&group=TEST_GROUP&tenant=1d3411dc-0249-4a15-866b-52377e0350f5 HTTP/1.1" 200 14 2 Apache-HttpAsyncClient/4.1.3 (Java/1.8.0_251)
0:0:0:0:0:0:0:1 - - [23/Nov/2022:20:36:25 +0800] "GET /nacos/v1/cs/configs?dataId=nacos-order-dev.yaml&group=TEST_GROUP&namespaceId=1d3411dc-0249-4a15-866b-52377e0350f5&tenant=1d3411dc-0249-4a15-866b-52377e0350f5&show=all&accessToken=eyJhbGciOiJIUzI1NiJ9.eyJzdWIiOiJuYWNvcyIsImV4cCI6MTY2OTAyODg5Nn0.bGYjArEVqUEvqgmL9Jo0BKce9lytOMnzAN7Lv_WQJkI HTTP/1.1" 200 432 2 Mozilla/5.0 (Windows NT 10.0; Win64; x64) AppleWebKit/537.36 (KHTML, like Gecko) Chrome/107.0.0.0 Safari/537.36
192.168.0.6 - - [23/Nov/2022:20:36:25 +0800] "GET /nacos/v1/cs/health HTTP/1.1" 200 2 2 Apache-HttpAsyncClient/4.1.3 (Java/1.8.0_251)
0:0:0:0:0:0:0:1 - - [23/Nov/2022:20:36:27 +0800] "GET /nacos/v1/cs/configs?dataId=&group=&appName=&config_tags=&pageNo=1&pageSize=10&tenant=1d3411dc-0249-4a15-866b-52377e0350f5&search=accurate&accessToken=eyJhbGciOiJIUzI1NiJ9.eyJzdWIiOiJuYWNvcyIsImV4cCI6MTY2OTAyODg5Nn0.bGYjArEVqUEvqgmL9Jo0BKce9lytOMnzAN7Lv_WQJkI HTTP/1.1" 200 704 2 Mozilla/5.0 (Windows NT 10.0; Win64; x64) AppleWebKit/537.36 (KHTML, like Gecko) Chrome/107.0.0.0 Safari/537.36
0:0:0:0:0:0:0:1 - - [23/Nov/2022:20:36:28 +0800] "GET /nacos/ HTTP/1.1" 304 - 4 Mozilla/5.0 (Windows NT 10.0; Win64; x64) AppleWebKit/537.36 (KHTML, like Gecko) Chrome/107.0.0.0 Safari/537.36
0:0:0:0:0:0:0:1 - - [23/Nov/2022:20:36:28 +0800] "GET /nacos/v1/console/namespaces?&accessToken=eyJhbGciOiJIUzI1NiJ9.eyJzdWIiOiJuYWNvcyIsImV4cCI6MTY2OTAyODg5Nn0.bGYjArEVqUEvqgmL9Jo0BKce9lytOMnzAN7Lv_WQJkI&namespaceId=1d3411dc-0249-4a15-866b-52377e0350f5 HTTP/1.1" 200 364 3 Mozilla/5.0 (Windows NT 10.0; Win64; x64) AppleWebKit/537.36 (KHTML, like Gecko) Chrome/107.0.0.0 Safari/537.36
0:0:0:0:0:0:0:1 - - [23/Nov/2022:20:36:28 +0800] "GET /nacos/v1/console/server/state?accessToken=eyJhbGciOiJIUzI1NiJ9.eyJzdWIiOiJuYWNvcyIsImV4cCI6MTY2OTAyODg5Nn0.bGYjArEVqUEvqgmL9Jo0BKce9lytOMnzAN7Lv_WQJkI HTTP/1.1" 200 82 2 Mozilla/5.0 (Windows NT 10.0; Win64; x64) AppleWebKit/537.36 (KHTML, like Gecko) Chrome/107.0.0.0 Safari/537.36
0:0:0:0:0:0:0:1 - - [23/Nov/2022:20:36:28 +0800] "GET /nacos/console-fe/public/icons/icon-font.woff2 HTTP/1.1" 404 177 6 Mozilla/5.0 (Windows NT 10.0; Win64; x64) AppleWebKit/537.36 (KHTML, like Gecko) Chrome/107.0.0.0 Safari/537.36
0:0:0:0:0:0:0:1 - - [23/Nov/2022:20:36:28 +0800] "GET /nacos/v1/cs/configs?dataId=&group=&appName=&config_tags=&pageNo=1&pageSize=10&tenant=1d3411dc-0249-4a15-866b-52377e0350f5&search=accurate&accessToken=eyJhbGciOiJIUzI1NiJ9.eyJzdWIiOiJuYWNvcyIsImV4cCI6MTY2OTAyODg5Nn0.bGYjArEVqUEvqgmL9Jo0BKce9lytOMnzAN7Lv_WQJkI HTTP/1.1" 200 704 2 Mozilla/5.0 (Windows NT 10.0; Win64; x64) AppleWebKit/537.36 (KHTML, like Gecko) Chrome/107.0.0.0 Safari/537.36
192.168.0.6 - - [23/Nov/2022:20:36:30 +0800] "GET /nacos/v1/cs/health HTTP/1.1" 200 2 1 Apache-HttpAsyncClient/4.1.3 (Java/1.8.0_251)
192.168.0.6 - - [23/Nov/2022:20:36:35 +0800] "GET /nacos/v1/cs/health HTTP/1.1" 200 2 1 Apache-HttpAsyncClient/4.1.3 (Java/1.8.0_251)
192.168.0.6 - - [23/Nov/2022:20:36:40 +0800] "GET /nacos/v1/cs/health HTTP/1.1" 200 2 1 Apache-HttpAsyncClient/4.1.3 (Java/1.8.0_251)
192.168.0.6 - - [23/Nov/2022:20:36:45 +0800] "GET /nacos/v1/cs/health HTTP/1.1" 200 2 1 Apache-HttpAsyncClient/4.1.3 (Java/1.8.0_251)
192.168.0.6 - - [23/Nov/2022:20:36:50 +0800] "GET /nacos/v1/cs/health HTTP/1.1" 200 2 1 Apache-HttpAsyncClient/4.1.3 (Java/1.8.0_251)
192.168.0.6 - - [23/Nov/2022:20:36:55 +0800] "GET /nacos/v1/cs/health HTTP/1.1" 200 2 3 Apache-HttpAsyncClient/4.1.3 (Java/1.8.0_251)
127.0.0.1 - - [23/Nov/2022:20:36:57 +0800] "GET /nacos/v1/cs/configs?dataId=nacos-order.yaml&group=TEST_GROUP&tenant=1d3411dc-0249-4a15-866b-52377e0350f5 HTTP/1.1" 404 23 1 Java/1.8.0_251
127.0.0.1 - - [23/Nov/2022:20:36:57 +0800] "GET /nacos/v1/cs/configs?dataId=nacos-order-dev.yaml&group=TEST_GROUP&tenant=1d3411dc-0249-4a15-866b-52377e0350f5 HTTP/1.1" 200 62 0 Java/1.8.0_251
127.0.0.1 - - [23/Nov/2022:20:36:59 +0800] "PUT /nacos/v1/ns/instance/beat?beat=%7B%22cluster%22%3A%22DEFAULT%22%2C%22ip%22%3A%22192.168.0.6%22%2C%22metadata%22%3A%7B%22preserved.register.source%22%3A%22SPRING_CLOUD%22%7D%2C%22period%22%3A5000%2C%22port%22%3A3377%2C%22scheduled%22%3Afalse%2C%22serviceName%22%3A%22DEFAULT_GROUP%40%40nacos-order%22%2C%22stopped%22%3Afalse%2C%22weight%22%3A1.0%7D&serviceName=DEFAULT_GROUP%40%40nacos-order&encoding=UTF-8&namespaceId=public HTTP/1.1" 200 75 3 Nacos-Java-Client:v1.1.1
127.0.0.1 - - [23/Nov/2022:20:36:59 +0800] "POST /nacos/v1/ns/instance?groupName=DEFAULT_GROUP&metadata=%7B%22preserved.register.source%22%3A%22SPRING_CLOUD%22%7D&namespaceId=public&port=3377&enable=true&healthy=true&clusterName=DEFAULT&ip=192.168.0.6&weight=1.0&ephemeral=true&serviceName=DEFAULT_GROUP%40%40nacos-order&encoding=UTF-8 HTTP/1.1" 200 2 2 Nacos-Java-Client:v1.1.1
127.0.0.1 - - [23/Nov/2022:20:36:59 +0800] "POST /nacos/v1/cs/configs/listener HTTP/1.1" 200 - 2 Java/1.8.0_251
192.168.0.6 - - [23/Nov/2022:20:37:00 +0800] "GET /nacos/v1/cs/health HTTP/1.1" 200 2 1 Apache-HttpAsyncClient/4.1.3 (Java/1.8.0_251)
127.0.0.1 - - [23/Nov/2022:20:37:04 +0800] "PUT /nacos/v1/ns/instance/beat?beat=%7B%22cluster%22%3A%22DEFAULT%22%2C%22ip%22%3A%22192.168.0.6%22%2C%22metadata%22%3A%7B%22preserved.register.source%22%3A%22SPRING_CLOUD%22%7D%2C%22period%22%3A5000%2C%22port%22%3A3377%2C%22scheduled%22%3Afalse%2C%22serviceName%22%3A%22DEFAULT_GROUP%40%40nacos-order%22%2C%22stopped%22%3Afalse%2C%22weight%22%3A1.0%7D&serviceName=DEFAULT_GROUP%40%40nacos-order&encoding=UTF-8&namespaceId=public HTTP/1.1" 200 75 2 Nacos-Java-Client:v1.1.1
192.168.0.6 - - [23/Nov/2022:20:37:05 +0800] "GET /nacos/v1/cs/health HTTP/1.1" 200 2 1 Apache-HttpAsyncClient/4.1.3 (Java/1.8.0_251)
127.0.0.1 - - [23/Nov/2022:20:37:09 +0800] "PUT /nacos/v1/ns/instance/beat?beat=%7B%22cluster%22%3A%22DEFAULT%22%2C%22ip%22%3A%22192.168.0.6%22%2C%22metadata%22%3A%7B%22preserved.register.source%22%3A%22SPRING_CLOUD%22%7D%2C%22period%22%3A5000%2C%22port%22%3A3377%2C%22scheduled%22%3Afalse%2C%22serviceName%22%3A%22DEFAULT_GROUP%40%40nacos-order%22%2C%22stopped%22%3Afalse%2C%22weight%22%3A1.0%7D&serviceName=DEFAULT_GROUP%40%40nacos-order&encoding=UTF-8&namespaceId=public HTTP/1.1" 200 75 2 Nacos-Java-Client:v1.1.1
192.168.0.6 - - [23/Nov/2022:20:37:10 +0800] "GET /nacos/v1/cs/health HTTP/1.1" 200 2 1 Apache-HttpAsyncClient/4.1.3 (Java/1.8.0_251)
127.0.0.1 - - [23/Nov/2022:20:37:11 +0800] "DELETE /nacos/v1/ns/instance?namespaceId=public&port=3377&clusterName=DEFAULT&ip=192.168.0.6&ephemeral=true&serviceName=DEFAULT_GROUP%40%40nacos-order&encoding=UTF-8 HTTP/1.1" 200 2 0 Nacos-Java-Client:v1.1.1
127.0.0.1 - - [23/Nov/2022:20:37:15 +0800] "GET /nacos/v1/cs/configs?dataId=nacos-order.yaml&group=TEST_GROUP&tenant=1d3411dc-0249-4a15-866b-52377e0350f5 HTTP/1.1" 404 23 1 Java/1.8.0_251
127.0.0.1 - - [23/Nov/2022:20:37:15 +0800] "GET /nacos/v1/cs/configs?dataId=nacos-order-dev.yaml&group=TEST_GROUP&tenant=1d3411dc-0249-4a15-866b-52377e0350f5 HTTP/1.1" 200 62 1 Java/1.8.0_251
192.168.0.6 - - [23/Nov/2022:20:37:15 +0800] "GET /nacos/v1/cs/health HTTP/1.1" 200 2 1 Apache-HttpAsyncClient/4.1.3 (Java/1.8.0_251)
127.0.0.1 - - [23/Nov/2022:20:37:17 +0800] "PUT /nacos/v1/ns/instance/beat?beat=%7B%22cluster%22%3A%22DEFAULT%22%2C%22ip%22%3A%22192.168.0.6%22%2C%22metadata%22%3A%7B%22preserved.register.source%22%3A%22SPRING_CLOUD%22%7D%2C%22period%22%3A5000%2C%22port%22%3A3377%2C%22scheduled%22%3Afalse%2C%22serviceName%22%3A%22DEFAULT_GROUP%40%40nacos-order%22%2C%22stopped%22%3Afalse%2C%22weight%22%3A1.0%7D&serviceName=DEFAULT_GROUP%40%40nacos-order&encoding=UTF-8&namespaceId=public HTTP/1.1" 200 75 1 Nacos-Java-Client:v1.1.1
127.0.0.1 - - [23/Nov/2022:20:37:17 +0800] "POST /nacos/v1/ns/instance?groupName=DEFAULT_GROUP&metadata=%7B%22preserved.register.source%22%3A%22SPRING_CLOUD%22%7D&namespaceId=public&port=3377&enable=true&healthy=true&clusterName=DEFAULT&ip=192.168.0.6&weight=1.0&ephemeral=true&serviceName=DEFAULT_GROUP%40%40nacos-order&encoding=UTF-8 HTTP/1.1" 200 2 1 Nacos-Java-Client:v1.1.1
127.0.0.1 - - [23/Nov/2022:20:37:17 +0800] "POST /nacos/v1/cs/configs/listener HTTP/1.1" 200 - 1 Java/1.8.0_251
192.168.0.6 - - [23/Nov/2022:20:37:20 +0800] "GET /nacos/v1/cs/health HTTP/1.1" 200 2 1 Apache-HttpAsyncClient/4.1.3 (Java/1.8.0_251)
0:0:0:0:0:0:0:1 - - [23/Nov/2022:20:37:22 +0800] "GET /nacos/ HTTP/1.1" 304 - 3 Mozilla/5.0 (Windows NT 10.0; Win64; x64) AppleWebKit/537.36 (KHTML, like Gecko) Chrome/107.0.0.0 Safari/537.36
0:0:0:0:0:0:0:1 - - [23/Nov/2022:20:37:22 +0800] "GET /nacos/v1/console/namespaces?&accessToken=eyJhbGciOiJIUzI1NiJ9.eyJzdWIiOiJuYWNvcyIsImV4cCI6MTY2OTAyODg5Nn0.bGYjArEVqUEvqgmL9Jo0BKce9lytOMnzAN7Lv_WQJkI&namespaceId=1d3411dc-0249-4a15-866b-52377e0350f5 HTTP/1.1" 200 364 4 Mozilla/5.0 (Windows NT 10.0; Win64; x64) AppleWebKit/537.36 (KHTML, like Gecko) Chrome/107.0.0.0 Safari/537.36
0:0:0:0:0:0:0:1 - - [23/Nov/2022:20:37:22 +0800] "GET /nacos/v1/console/server/state?accessToken=eyJhbGciOiJIUzI1NiJ9.eyJzdWIiOiJuYWNvcyIsImV4cCI6MTY2OTAyODg5Nn0.bGYjArEVqUEvqgmL9Jo0BKce9lytOMnzAN7Lv_WQJkI HTTP/1.1" 200 82 2 Mozilla/5.0 (Windows NT 10.0; Win64; x64) AppleWebKit/537.36 (KHTML, like Gecko) Chrome/107.0.0.0 Safari/537.36
0:0:0:0:0:0:0:1 - - [23/Nov/2022:20:37:22 +0800] "GET /nacos/console-fe/public/icons/icon-font.woff2 HTTP/1.1" 404 177 6 Mozilla/5.0 (Windows NT 10.0; Win64; x64) AppleWebKit/537.36 (KHTML, like Gecko) Chrome/107.0.0.0 Safari/537.36
0:0:0:0:0:0:0:1 - - [23/Nov/2022:20:37:22 +0800] "GET /nacos/v1/cs/configs?dataId=&group=&appName=&config_tags=&pageNo=1&pageSize=10&tenant=1d3411dc-0249-4a15-866b-52377e0350f5&search=accurate&accessToken=eyJhbGciOiJIUzI1NiJ9.eyJzdWIiOiJuYWNvcyIsImV4cCI6MTY2OTAyODg5Nn0.bGYjArEVqUEvqgmL9Jo0BKce9lytOMnzAN7Lv_WQJkI HTTP/1.1" 200 704 6 Mozilla/5.0 (Windows NT 10.0; Win64; x64) AppleWebKit/537.36 (KHTML, like Gecko) Chrome/107.0.0.0 Safari/537.36
127.0.0.1 - - [23/Nov/2022:20:37:22 +0800] "PUT /nacos/v1/ns/instance/beat?beat=%7B%22cluster%22%3A%22DEFAULT%22%2C%22ip%22%3A%22192.168.0.6%22%2C%22metadata%22%3A%7B%22preserved.register.source%22%3A%22SPRING_CLOUD%22%7D%2C%22period%22%3A5000%2C%22port%22%3A3377%2C%22scheduled%22%3Afalse%2C%22serviceName%22%3A%22DEFAULT_GROUP%40%40nacos-order%22%2C%22stopped%22%3Afalse%2C%22weight%22%3A1.0%7D&serviceName=DEFAULT_GROUP%40%40nacos-order&encoding=UTF-8&namespaceId=public HTTP/1.1" 200 75 1 Nacos-Java-Client:v1.1.1
192.168.0.6 - - [23/Nov/2022:20:37:25 +0800] "GET /nacos/v1/cs/health HTTP/1.1" 200 2 2 Apache-HttpAsyncClient/4.1.3 (Java/1.8.0_251)
127.0.0.1 - - [23/Nov/2022:20:37:27 +0800] "PUT /nacos/v1/ns/instance/beat?beat=%7B%22cluster%22%3A%22DEFAULT%22%2C%22ip%22%3A%22192.168.0.6%22%2C%22metadata%22%3A%7B%22preserved.register.source%22%3A%22SPRING_CLOUD%22%7D%2C%22period%22%3A5000%2C%22port%22%3A3377%2C%22scheduled%22%3Afalse%2C%22serviceName%22%3A%22DEFAULT_GROUP%40%40nacos-order%22%2C%22stopped%22%3Afalse%2C%22weight%22%3A1.0%7D&serviceName=DEFAULT_GROUP%40%40nacos-order&encoding=UTF-8&namespaceId=public HTTP/1.1" 200 75 1 Nacos-Java-Client:v1.1.1
127.0.0.1 - - [23/Nov/2022:20:37:29 +0800] "POST /nacos/v1/cs/configs/listener HTTP/1.1" 500 - 29510 Java/1.8.0_251
192.168.0.6 - - [23/Nov/2022:20:37:30 +0800] "GET /nacos/v1/cs/health HTTP/1.1" 200 2 2 Apache-HttpAsyncClient/4.1.3 (Java/1.8.0_251)
127.0.0.1 - - [23/Nov/2022:20:37:32 +0800] "PUT /nacos/v1/ns/instance/beat?beat=%7B%22cluster%22%3A%22DEFAULT%22%2C%22ip%22%3A%22192.168.0.6%22%2C%22metadata%22%3A%7B%22preserved.register.source%22%3A%22SPRING_CLOUD%22%7D%2C%22period%22%3A5000%2C%22port%22%3A3377%2C%22scheduled%22%3Afalse%2C%22serviceName%22%3A%22DEFAULT_GROUP%40%40nacos-order%22%2C%22stopped%22%3Afalse%2C%22weight%22%3A1.0%7D&serviceName=DEFAULT_GROUP%40%40nacos-order&encoding=UTF-8&namespaceId=public HTTP/1.1" 200 75 2 Nacos-Java-Client:v1.1.1
192.168.0.6 - - [23/Nov/2022:20:37:35 +0800] "GET /nacos/v1/cs/health HTTP/1.1" 200 2 1 Apache-HttpAsyncClient/4.1.3 (Java/1.8.0_251)
